Component: ARM Compiler 5.06 update 4 (build 422) Tool: armlink [4d35d2]

==============================================================================

Section Cross References

    utils.o(i._Z3mapfffff) refers to utils.o(i._Z4normfff) for norm(float, float, float)
    utils.o(i._Z3mapfffff) refers to utils.o(i._Z4lerpfff) for lerp(float, float, float)
    utils.o(i._Z9randrangeii) refers to rand.o(.emb_text) for rand
    utils.o(.ARM.exidx) refers to utils.o(i._Z4normfff) for i._Z4normfff
    utils.o(.ARM.exidx) refers to utils.o(i._Z4lerpfff) for i._Z4lerpfff
    utils.o(.ARM.exidx) refers to utils.o(i._Z3mapfffff) for i._Z3mapfffff
    utils.o(.ARM.exidx) refers to utils.o(i._Z9randrangeii) for i._Z9randrangeii
    utils.o(.ARM.exidx) refers to utils.o(i._Z7radiansf) for i._Z7radiansf
    controller.o(i._Z13jsPrsdAndRlsd7btnId_t) refers to assert.o(i.mbed_assert_internal) for mbed_assert_internal
    controller.o(i._Z13jsPrsdAndRlsd7btnId_t) refers to controller.o(.bss) for jsBtns
    controller.o(i._Z13jsPrsdAndRlsd7btnId_t) refers to controller.o(.conststring) for .conststring
    controller.o(i._Z13jsPrsdAndRlsd7btnId_t) refers to controller.o(.data) for savedState
    controller.o(i._Z8controlsv) refers to controller.o(i._Z13jsPrsdAndRlsd7btnId_t) for jsPrsdAndRlsd(btnId_t)
    controller.o(i._Z8controlsv) refers to controller.o(.data) for joyStickDown
    controller.o(i.__sti___14_controller_cpp_effeabe5) refers to controller.o(i._ZN4mbed9DigitalInC1E7PinName) for mbed::DigitalIn::DigitalIn(PinName)
    controller.o(i.__sti___14_controller_cpp_effeabe5) refers to controller.o(.bss) for jsBtns
    controller.o(.ARM.exidx) refers to controller.o(i._Z13jsPrsdAndRlsd7btnId_t) for i._Z13jsPrsdAndRlsd7btnId_t
    controller.o(.ARM.exidx) refers to controller.o(i._Z8controlsv) for i._Z8controlsv
    controller.o(.ARM.exidx) refers to controller.o(i.__sti___14_controller_cpp_effeabe5) for i.__sti___14_controller_cpp_effeabe5
    controller.o(.init_array) refers to controller.o(i.__sti___14_controller_cpp_effeabe5) for __sti___14_controller_cpp_effeabe5
    controller.o(.init_array) refers to init_aeabi.o(.text) for __cpp_initialize__aeabi_
    model.o(i._Z10shipThrustv) refers to model.o(i._ZSt3cosf) for std::cos(float)
    model.o(i._Z10shipThrustv) refers to model.o(i._ZSt3sinf) for std::sin(float)
    model.o(i._Z10shipThrustv) refers to f2d.o(x$fpl$f2d) for __aeabi_f2d
    model.o(i._Z10shipThrustv) refers to daddsub_clz.o(x$fpl$dadd) for __aeabi_dadd
    model.o(i._Z10shipThrustv) refers to model.o(.data) for accel
    model.o(i._Z10shipThrustv) refers to controller.o(.data) for joyStickUp
    model.o(i._Z10shipThrustv) refers to asteroids.o(.data) for shipCenterHor
    model.o(i._Z13updateMisslesP8Missle_t) refers to model.o(.data) for collisionX
    model.o(i._Z14shipRepositionv) refers to daddsub_clz.o(x$fpl$dsub) for __aeabi_dsub
    model.o(i._Z14shipRepositionv) refers to drleqf.o(x$fpl$drleqf) for __aeabi_cdrcmple
    model.o(i._Z14shipRepositionv) refers to daddsub_clz.o(x$fpl$dadd) for __aeabi_dadd
    model.o(i._Z14shipRepositionv) refers to dleqf.o(x$fpl$dleqf) for __aeabi_cdcmple
    model.o(i._Z14shipRepositionv) refers to asteroids.o(.data) for shipCenterVert
    model.o(i._Z5shootv) refers to model.o(i._Z9newMissleP8Missle_t) for newMissle(Missle_t*)
    model.o(i._Z5shootv) refers to controller.o(.data) for joyStickCenter
    model.o(i._Z5shootv) refers to asteroids.o(.data) for Missles
    model.o(i._Z7physicsv) refers to model.o(i._Z8newAsterP7aster_t) for newAster(aster_t*)
    model.o(i._Z7physicsv) refers to model.o(i._Z12updateastersP7aster_t) for updateasters(aster_t*)
    model.o(i._Z7physicsv) refers to model.o(i._Z13updateMisslesP8Missle_t) for updateMissles(Missle_t*)
    model.o(i._Z7physicsv) refers to asteroids.o(.data) for frames
    model.o(i._Z8gameInfov) refers to controller.o(.data) for joyStickCenter
    model.o(i._Z8gameInfov) refers to asteroids.o(.data) for gameState
    model.o(i._Z8gameInfov) refers to model.o(.data) for angle
    model.o(i._Z8newAsterP7aster_t) refers to h1_alloc.o(.text) for malloc
    model.o(i._Z8newAsterP7aster_t) refers to utils.o(i._Z9randrangeii) for randrange(int, int)
    model.o(i._Z8newAsterP7aster_t) refers to asteroids.o(.data) for frames
    model.o(i._Z8shipTurnv) refers to model.o(i._ZSt3cosf) for std::cos(float)
    model.o(i._Z8shipTurnv) refers to f2d.o(x$fpl$f2d) for __aeabi_f2d
    model.o(i._Z8shipTurnv) refers to model.o(i._ZSt3sinf) for std::sin(float)
    model.o(i._Z8shipTurnv) refers to daddsub_clz.o(x$fpl$dadd) for __aeabi_dadd
    model.o(i._Z8shipTurnv) refers to cos.o(i.__hardfp_cos) for __hardfp_cos
    model.o(i._Z8shipTurnv) refers to dflt_clz.o(x$fpl$dflt) for __aeabi_i2d
    model.o(i._Z8shipTurnv) refers to dmul.o(x$fpl$dmul) for __aeabi_dmul
    model.o(i._Z8shipTurnv) refers to sin.o(i.__hardfp_sin) for __hardfp_sin
[...]
    GFXFb::drawFastVLine(short, short, short, unsigned short) 0x0000662b   Thumb Code   104  gfxfb.o(i._ZN5GFXFb13drawFastVLineEssst)
    GFXFb::drawPixel(short, short, unsigned short) 0x00006693   Thumb Code    70  gfxfb.o(i._ZN5GFXFb9drawPixelEsst)
    GFXFb::GFXFb(unsigned short, unsigned short, unsigned short*) 0x000066d9   Thumb Code    36  gfxfb.o(i._ZN5GFXFbC1EttPt)
    GFXFb::GFXFb__sub_object(unsigned short, unsigned short, unsigned short*) 0x000066d9   Thumb Code     0  gfxfb.o(i._ZN5GFXFbC1EttPt)
    Display::theDisplay()                    0x00006701   Thumb Code    50  display.o(i._ZN7Display10theDisplayEv)
    Display::_putc(int)                      0x0000673d   Thumb Code    20  display.o(i._ZN7Display5_putcEi)
    Display::Display()                       0x00006751   Thumb Code   272  display.o(i._ZN7DisplayC1Ev)
    Display::Display__sub_object()           0x00006751   Thumb Code     0  display.o(i._ZN7DisplayC1Ev)
    std::cos(float)                          0x000068a1   Thumb Code    24  model.o(i._ZSt3cosf)
    std::sin(float)                          0x000068b9   Thumb Code    24  model.o(i._ZSt3sinf)
    operator new(unsigned)                   0x000068d1   Thumb Code    34  new.o(i._Znwj)
    __ARM_fpclassify                         0x000068f9   Thumb Code    48  fpclassify.o(i.__ARM_fpclassify)
    __ARM_fpclassifyf                        0x00006929   Thumb Code    38  fpclassifyf.o(i.__ARM_fpclassifyf)
    __cxa_guard_acquire                      0x0000694f   Thumb Code    16  cxa_guard_acquire.o(i.__cxa_guard_acquire)
    __cxa_pure_virtual                       0x0000695f   Thumb Code     6  pure_virt.o(i.__cxa_pure_virtual)
    __hardfp_cos                             0x00006969   Thumb Code   180  cos.o(i.__hardfp_cos)
    __hardfp_cosf                            0x00006a31   Thumb Code   280  cosf.o(i.__hardfp_cosf)
    __hardfp_sin                             0x00006b81   Thumb Code   180  sin.o(i.__hardfp_sin)
    __hardfp_sinf                            0x00006c49   Thumb Code   344  sinf.o(i.__hardfp_sinf)
    __ieee754_rem_pio2                       0x00006dd9   Thumb Code   938  rred.o(i.__ieee754_rem_pio2)
    __kernel_cos                             0x00007211   Thumb Code   322  cos_i.o(i.__kernel_cos)
    __kernel_poly                            0x00007381   Thumb Code   248  poly.o(i.__kernel_poly)
    __kernel_sin                             0x00007479   Thumb Code   280  sin_i.o(i.__kernel_sin)
    __mathlib_dbl_infnan                     0x000075a9   Thumb Code    20  dunder.o(i.__mathlib_dbl_infnan)
    __mathlib_dbl_invalid                    0x000075c1   Thumb Code    24  dunder.o(i.__mathlib_dbl_invalid)
    __mathlib_dbl_underflow                  0x000075e1   Thumb Code    24  dunder.o(i.__mathlib_dbl_underflow)
    __mathlib_flt_infnan                     0x00007601   Thumb Code     6  funder.o(i.__mathlib_flt_infnan)
    __mathlib_flt_invalid                    0x00007609   Thumb Code    10  funder.o(i.__mathlib_flt_invalid)
    __mathlib_flt_underflow                  0x00007619   Thumb Code    10  funder.o(i.__mathlib_flt_underflow)
    __mathlib_rredf2                         0x00007629   Thumb Code   316  rredf.o(i.__mathlib_rredf2)
    __reserved_stack_size                    0x0000777d   Thumb Code     6  sdram.o(i.__reserved_stack_size)
    __rt_heap_extend                         0x00007785   Thumb Code    54  sdram.o(i.__rt_heap_extend)
    __user_setup_stackheap                   0x000078e9   Thumb Code    42  sys.o(i.__user_setup_stackheap)
    _is_digit                                0x00007973   Thumb Code    14  __printf_wp.o(i._is_digit)
    _sys_close                               0x00007981   Thumb Code    44  retarget.o(i._sys_close)
    _sys_flen                                0x000079b1   Thumb Code    38  retarget.o(i._sys_flen)
    _sys_istty                               0x000079dd   Thumb Code    38  retarget.o(i._sys_istty)
    _sys_open                                0x00007a09   Thumb Code   284  retarget.o(i._sys_open)
    _sys_seek                                0x00007b39   Thumb Code    44  retarget.o(i._sys_seek)
    _sys_write                               0x00007b69   Thumb Code    88  retarget.o(i._sys_write)
    error                                    0x00007bcd   Thumb Code    28  error.o(i.error)
    exit                                     0x00007bed   Thumb Code    24  retarget.o(i.exit)
    fabs                                     0x00007c0d   Thumb Code    24  fabs.o(i.fabs)
    fpu_init                                 0x00007c25   Thumb Code    62  system_lpc407x_8x_177x_8x.o(i.fpu_init)
    fputc                                    0x00007c75   Thumb Code    26  fputc.o(i.fputc)
    get_us_ticker_data                       0x00007c91   Thumb Code     4  us_ticker_api.o(i.get_us_ticker_data)
    gpio_dir                                 0x00007c99   Thumb Code    68  gpio_api.o(i.gpio_dir)
    gpio_init                                0x00007d29   Thumb Code    50  gpio_api.o(i.gpio_init)
    gpio_init_in                             0x00007d61   Thumb Code    18  gpio.o(i.gpio_init_in)
    gpio_init_in_ex                          0x00007d73   Thumb Code    20  gpio.o(i.gpio_init_in_ex)
    gpio_init_out                            0x00007d87   Thumb Code    18  gpio.o(i.gpio_init_out)
    gpio_init_out_ex                         0x00007d99   Thumb Code    22  gpio.o(i.gpio_init_out_ex)
    gpio_mode                                0x00007daf   Thumb Code    18  gpio_api.o(i.gpio_mode)
    gpio_set                                 0x00007dc1   Thumb Code    40  gpio_api.o(i.gpio_set)
    i2c_frequency                            0x00007fd5   Thumb Code    22  i2c_api.o(i.i2c_frequency)
    i2c_init                                 0x00007ff1   Thumb Code   218  i2c_api.o(i.i2c_init)
    i2c_read                                 0x00008135   Thumb Code   176  i2c_api.o(i.i2c_read)
    i2c_start                                0x000081e5   Thumb Code    72  i2c_api.o(i.i2c_start)
    i2c_stop                                 0x00008235   Thumb Code    58  i2c_api.o(i.i2c_stop)
    i2c_write                                0x0000829d   Thumb Code   130  i2c_api.o(i.i2c_write)
    $Super$$main                             0x00008321   Thumb Code    56  asteroids.o(i.main)
    mbed_assert_internal                     0x00008381   Thumb Code    22  assert.o(i.mbed_assert_internal)
    mbed_die                                 0x000083cd   Thumb Code   116  board.o(i.mbed_die)
    mbed_main                                0x00008441   Thumb Code     2  retarget.o(i.mbed_main)
    mbed_sdk_init                            0x00008443   Thumb Code     2  retarget.o(i.mbed_sdk_init)
    pin_function                             0x00008445   Thumb Code    42  pinmap.o(i.pin_function)
    pin_mode                                 0x000084b9   Thumb Code    66  pinmap.o(i.pin_mode)
    pinmap_find_peripheral                   0x00008545   Thumb Code    32  pinmap_common.o(i.pinmap_find_peripheral)
    pinmap_merge                             0x00008565   Thumb Code    42  pinmap_common.o(i.pinmap_merge)
    pinmap_peripheral                        0x000085a5   Thumb Code    44  pinmap_common.o(i.pinmap_peripheral)
    pinmap_pinout                            0x000085f1   Thumb Code    62  pinmap_common.o(i.pinmap_pinout)
    pwmout_init                              0x00008645   Thumb Code   184  pwmout_api.o(i.pwmout_init)
    pwmout_period_ms                         0x00008739   Thumb Code    22  pwmout_api.o(i.pwmout_period_ms)
    pwmout_period_us                         0x00008751   Thumb Code    64  pwmout_api.o(i.pwmout_period_us)
    pwmout_write                             0x00008795   Thumb Code   100  pwmout_api.o(i.pwmout_write)
    serial_baud                              0x000087fd   Thumb Code   320  serial_api.o(i.serial_baud)
    serial_format                            0x00008941   Thumb Code   168  serial_api.o(i.serial_format)
    serial_init                              0x00008a3d   Thumb Code   378  serial_api.o(i.serial_init)
    serial_putc                              0x00008be9   Thumb Code    24  serial_api.o(i.serial_putc)
    serial_writable                          0x00008c01   Thumb Code    12  serial_api.o(i.serial_writable)
    ticker_insert_event                      0x00008c0d   Thumb Code    80  ticker_api.o(i.ticker_insert_event)
    ticker_irq_handler                       0x00008c5d   Thumb Code    90  ticker_api.o(i.ticker_irq_handler)
    ticker_read                              0x00008cb7   Thumb Code    12  ticker_api.o(i.ticker_read)
    ticker_remove_event                      0x00008cc3   Thumb Code    82  ticker_api.o(i.ticker_remove_event)
    ticker_set_handler                       0x00008d15   Thumb Code    18  ticker_api.o(i.ticker_set_handler)
    us_ticker_clear_interrupt                0x00008d29   Thumb Code     8  us_ticker.o(i.us_ticker_clear_interrupt)
    us_ticker_disable_interrupt              0x00008d35   Thumb Code    14  us_ticker.o(i.us_ticker_disable_interrupt)
    us_ticker_init                           0x00008d49   Thumb Code    92  us_ticker.o(i.us_ticker_init)
    us_ticker_irq_handler                    0x00008dbd   Thumb Code    10  us_ticker_api.o(i.us_ticker_irq_handler)
    us_ticker_read                           0x00008dcd   Thumb Code    18  us_ticker.o(i.us_ticker_read)
    us_ticker_set_interrupt                  0x00008de9   Thumb Code    16  us_ticker.o(i.us_ticker_set_interrupt)
    wait                                     0x00008dfd   Thumb Code    36  wait_api.o(i.wait)
    wait_ms                                  0x00008e25   Thumb Code    18  wait_api.o(i.wait_ms)
    wait_us                                  0x00008e37   Thumb Code    24  wait_api.o(i.wait_us)
    _get_lc_numeric                          0x00008e51   Thumb Code    44  lc_numeric_c.o(locale$$code)
    _get_lc_ctype                            0x00008e7d   Thumb Code    44  lc_ctype_c.o(locale$$code)
    mbed::FunctionPointerArg1<void, void>::attach(void(*)()) 0x00008ea9   Thumb Code     8  asteroids.o(t._ZN4mbed19FunctionPointerArg1IvvE6attachEPFvvE)
    __aeabi_dneg                             0x00008eb1   Thumb Code     0  basic.o(x$fpl$basic)
    _dneg                                    0x00008eb1   Thumb Code     6  basic.o(x$fpl$basic)
    __aeabi_fneg                             0x00008eb7   Thumb Code     0  basic.o(x$fpl$basic)
    _fneg                                    0x00008eb7   Thumb Code     6  basic.o(x$fpl$basic)
    _dabs                                    0x00008ebd   Thumb Code     6  basic.o(x$fpl$basic)
    _fabs                                    0x00008ec3   Thumb Code     6  basic.o(x$fpl$basic)
    __aeabi_d2f                              0x00008ec9   Thumb Code     0  d2f.o(x$fpl$d2f)
    _d2f                                     0x00008ec9   Thumb Code    98  d2f.o(x$fpl$d2f)
    __aeabi_dadd                             0x00008f2d   Thumb Code     0  daddsub_clz.o(x$fpl$dadd)
    _dadd                                    0x00008f2d   Thumb Code   332  daddsub_clz.o(x$fpl$dadd)
    __fpl_dcmp_Inf                           0x0000907d   Thumb Code    24  dcmpi.o(x$fpl$dcmpinf)
    __aeabi_ddiv                             0x00009095   Thumb Code     0  ddiv.o(x$fpl$ddiv)
    _ddiv                                    0x00009095   Thumb Code   552  ddiv.o(x$fpl$ddiv)
    __aeabi_d2iz                             0x00009345   Thumb Code     0  dfix.o(x$fpl$dfix)
    _dfix                                    0x00009345   Thumb Code    94  dfix.o(x$fpl$dfix)
    __aeabi_i2d                              0x000093a3   Thumb Code     0  dflt_clz.o(x$fpl$dflt)
    _dflt                                    0x000093a3   Thumb Code    46  dflt_clz.o(x$fpl$dflt)
    __aeabi_ui2d                             0x000093d1   Thumb Code     0  dflt_clz.o(x$fpl$dfltu)
    _dfltu                                   0x000093d1   Thumb Code    38  dflt_clz.o(x$fpl$dfltu)
    __aeabi_cdcmple                          0x000093f9   Thumb Code     0  dleqf.o(x$fpl$dleqf)
    _dcmple                                  0x000093f9   Thumb Code   120  dleqf.o(x$fpl$dleqf)
    __fpl_dcmple_InfNaN                      0x0000945b   Thumb Code     0  dleqf.o(x$fpl$dleqf)
    __aeabi_dmul                             0x00009471   Thumb Code     0  dmul.o(x$fpl$dmul)
    _dmul                                    0x00009471   Thumb Code   332  dmul.o(x$fpl$dmul)
    __fpl_dnaninf                            0x000095c5   Thumb Code   156  dnaninf.o(x$fpl$dnaninf)
    __fpl_dretinf                            0x00009661   Thumb Code    12  dretinf.o(x$fpl$dretinf)
    __aeabi_cdrcmple                         0x0000966d   Thumb Code     0  drleqf.o(x$fpl$drleqf)
    _drcmple                                 0x0000966d   Thumb Code   108  drleqf.o(x$fpl$drleqf)
    __aeabi_drsub                            0x000096d9   Thumb Code     0  daddsub_clz.o(x$fpl$drsb)
    _drsb                                    0x000096d9   Thumb Code    22  daddsub_clz.o(x$fpl$drsb)
    __aeabi_dsub                             0x000096f1   Thumb Code     0  daddsub_clz.o(x$fpl$dsub)
    _dsub                                    0x000096f1   Thumb Code   464  daddsub_clz.o(x$fpl$dsub)
    __aeabi_f2d                              0x000098c5   Thumb Code     0  f2d.o(x$fpl$f2d)
    _f2d                                     0x000098c5   Thumb Code    86  f2d.o(x$fpl$f2d)
    __fpl_fnaninf                            0x0000991b   Thumb Code   140  fnaninf.o(x$fpl$fnaninf)
    _fp_init                                 0x000099a7   Thumb Code    10  fpinit.o(x$fpl$fpinit)
    __fplib_config_fpu_vfp                   0x000099af   Thumb Code     0  fpinit.o(x$fpl$fpinit)
    __fplib_config_pureend_doubles           0x000099af   Thumb Code     0  fpinit.o(x$fpl$fpinit)
    __fpl_fretinf                            0x000099b1   Thumb Code    10  fretinf.o(x$fpl$fretinf)
    _printf_fp_dec                           0x000099bb   Thumb Code     4  printf1.o(x$fpl$printf1)
    _printf_fp_hex                           0x000099bf   Thumb Code     4  printf2.o(x$fpl$printf2)
    __I$use$fp                               0x000099c2   Number         0  usenofp.o(x$fpl$usenofp)
    __stdin_name                             0x00009edc   Data           7  retarget.o(.constdata)
    __stdout_name                            0x00009ee3   Data           8  retarget.o(.constdata)
    __stderr_name                            0x00009eeb   Data           8  retarget.o(.constdata)
    vtable for EaLcdBoard                    0x0000a51c   Data          28  ealcdboard.o(.constdata__ZTV10EaLcdBoard)
    vtable for Adafruit_GFX                  0x0000a538   Data          44  adafruit_gfx.o(.constdata__ZTV12Adafruit_GFX)
    vtable for EaLcdBoardGPIO                0x0000a564   Data          28  ealcdboardgpio.o(.constdata__ZTV14EaLcdBoardGPIO)
    vtable for GFXFb                         0x0000a580   Data          44  gfxfb.o(.constdata__ZTV5GFXFb)
    vtable for Display                       0x0000a5ac   Data         112  display.o(.constdata__ZTV7Display)
    vtable for mbed::FileHandle              0x0000a61c   Data          44  retarget.o(.constdata__ZTVN4mbed10FileHandleE)
    vtable for mbed::TimerEvent              0x0000a648   Data          20  timerevent.o(.constdata__ZTVN4mbed10TimerEventE)
    vtable for mbed::Stream                  0x0000a65c   Data          68  stream.o(.constdata__ZTVN4mbed6StreamE)
    vtable for mbed::Ticker                  0x0000a6a0   Data          20  ticker.o(.constdata__ZTVN4mbed6TickerE)
    vtable for mbed::FileBase                0x0000a6b4   Data          16  filebase.o(.constdata__ZTVN4mbed8FileBaseE)
    vtable for mbed::FileLike                0x0000a6c4   Data          60  filelike.o(.constdata__ZTVN4mbed8FileLikeE)
    Region$$Table$$Base                      0x0000a854   Number         0  anon$$obj.o(Region$$Table)
    Region$$Table$$Limit                     0x0000a874   Number         0  anon$$obj.o(Region$$Table)
    __ctype                                  0x0000a89d   Data           0  lc_ctype_c.o(locale$$data)
    SHT$$INIT_ARRAY$$Base                    0x0000a9a0   Number         0  controller.o(.init_array)
    SHT$$INIT_ARRAY$$Limit                   0x0000a9ac   Number         0  init_aeabi.o(.init_array)
    joyStickUp                               0x10000108   Data           1  controller.o(.data)
    joyStickDown                             0x10000109   Data           1  controller.o(.data)
    joyStickRight                            0x1000010a   Data           1  controller.o(.data)
    joyStickLeft                             0x1000010b   Data           1  controller.o(.data)
    joyStickCenter                           0x1000010c   Data           1  controller.o(.data)
    toggle                                   0x1000010d   Data           1  controller.o(.data)
    angle                                    0x10000140   Data           4  model.o(.data)
    x                                        0x10000148   Data           8  model.o(.data)
    y                                        0x10000150   Data           8  model.o(.data)
    x1                                       0x10000158   Data           8  model.o(.data)
    y1                                       0x10000160   Data           8  model.o(.data)
    x2                                       0x10000168   Data           8  model.o(.data)
    y2                                       0x10000170   Data           8  model.o(.data)
    radius                                   0x10000178   Data           4  model.o(.data)
    angle_stepsize                           0x1000017c   Data           4  model.o(.data)
    vel_x                                    0x10000180   Data           4  model.o(.data)
    vel_y                                    0x10000184   Data           4  model.o(.data)
    accel_step                               0x10000188   Data           4  model.o(.data)
    accel                                    0x1000018c   Data           4  model.o(.data)
    collisionX                               0x10000190   Data           4  model.o(.data)
    collisionY                               0x10000194   Data           4  model.o(.data)
    graphics                                 0x100001b8   Data           4  view.o(.data)
    elapsed_time                             0x100001e0   Data           4  asteroids.o(.data)
    score                                    0x100001e4   Data           4  asteroids.o(.data)
    lives                                    0x100001e8   Data           4  asteroids.o(.data)
    shields                                  0x100001ec   Data           4  asteroids.o(.data)
    gameState                                0x100001f0   Data           1  asteroids.o(.data)
    gameOver                                 0x100001f1   Data           1  asteroids.o(.data)
    asteroids                                0x100001f4   Data           4  asteroids.o(.data)
    Missles                                  0x100001f8   Data           4  asteroids.o(.data)
    frames                                   0x100001fc   Data           4  asteroids.o(.data)
    asterCount                               0x10000200   Data           4  asteroids.o(.data)
    MissleCount                              0x10000204   Data           4  asteroids.o(.data)
    shipCenterHor                            0x10000208   Data           8  asteroids.o(.data)
    shipCenterVert                           0x10000210   Data           8  asteroids.o(.data)
    shipTipHor                               0x10000218   Data           8  asteroids.o(.data)
    shipTipVert                              0x10000220   Data           8  asteroids.o(.data)
    shipCnrLeftHor                           0x10000228   Data           8  asteroids.o(.data)
    shipCnrLeftVert                          0x10000230   Data           8  asteroids.o(.data)
    shipCnrRightHor                          0x10000238   Data           8  asteroids.o(.data)
    shipCnrRightVert                         0x10000240   Data           8  asteroids.o(.data)
    Dt                                       0x10000248   Data           4  asteroids.o(.data)
    paused                                   0x1000024c   Data           1  asteroids.o(.data)
    SystemCoreClock                          0x10000250   Data           4  system_lpc407x_8x_177x_8x.o(.data)
    PeripheralClock                          0x10000254   Data           4  system_lpc407x_8x_177x_8x.o(.data)
    EMCClock                                 0x10000258   Data           4  system_lpc407x_8x_177x_8x.o(.data)
    USBClock                                 0x1000025c   Data           4  system_lpc407x_8x_177x_8x.o(.data)
    mbed::FileBase::_head                    0x10000280   Data           4  filebase.o(.data)
    mbed::I2C::_owner                        0x10000284   Data           4  i2c.o(.data)
    us_ticker_inited                         0x10000288   Data           4  us_ticker.o(.data)
    stdio_uart_inited                        0x10000294   Data           4  serial_api.o(.data)
    stdio_uart                               0x10000298   Data           8  serial_api.o(.data)
    LcdController::_lcdControllerUsed        0x100002a0   Data           1  lcdcontroller.o(.data)
    __aeabi_stdin                            0x100002a4   Data           4  stdio_streams.o(.data)
    __aeabi_stdout                           0x100002a8   Data           4  stdio_streams.o(.data)
    __aeabi_stderr                           0x100002ac   Data           4  stdio_streams.o(.data)
    model                                    0x10000328   Data          48  asteroids.o(.bss)
    view                                     0x10000358   Data          48  asteroids.o(.bss)
    controller                               0x10000388   Data          48  asteroids.o(.bss)
    __stdin                                  0x100007f8   Data          84  stdio_streams.o(.bss)
    __stdout                                 0x1000084c   Data          84  stdio_streams.o(.bss)
    __stderr                                 0x100008a0   Data          84  stdio_streams.o(.bss)
    _random_number_data                      0x100008f4   Data         228  rand.o(.bss)
    Image$$RW_IRAM1$$ZI$$Limit               0x10000a00   Number         0  anon$$obj.o ABSOLUTE



==============================================================================

Memory Map of the image

  Image Entry point : 0x000000e5

  Load Region LR_IROM1 (Base: 0x00000000, Size: 0x0000ab74, Max: 0x00080000, ABSOLUTE, COMPRESSED[0x0000aa10])

    Execution Region ER_IROM1 (Base: 0x00000000, Size: 0x0000a9ac, Max: 0x00080000, ABSOLUTE)

    Base Addr    Size         Type   Attr      Idx    E Section Name        Object

    0x00000000   0x000000e4   Data   RO          963    RESET               startup_lpc407x_8x_177x_8x.o
    0x000000e4   0x00000008   Code   RO         4569  * !!!main             c_w.l(__main.o)
    0x000000ec   0x00000034   Code   RO         5412    !!!scatter          c_w.l(__scatter.o)
    0x00000120   0x0000005a   Code   RO         5410    !!dczerorl2         c_w.l(__dczerorl2.o)
    0x0000017a   0x00000002   PAD
    0x0000017c   0x0000001c   Code   RO         5414    !!handler_zi        c_w.l(__scatter_zi.o)
    0x00000198   0x00000000   Code   RO         4501    .ARM.Collect$$_printf_percent$$00000000  c_w.l(_printf_percent.o)
    0x00000198   0x00000006   Code   RO         4844    .ARM.Collect$$_printf_percent$$00000001  c_w.l(_printf_n.o)
    0x0000019e   0x00000006   Code   RO         4500    .ARM.Collect$$_printf_percent$$00000002  c_w.l(_printf_p.o)
    0x000001a4   0x00000006   Code   RO         4850    .ARM.Collect$$_printf_percent$$00000003  c_w.l(_printf_f.o)
    0x000001aa   0x00000006   Code   RO         4851    .ARM.Collect$$_printf_percent$$00000004  c_w.l(_printf_e.o)
    0x000001b0   0x00000006   Code   RO         4852    .ARM.Collect$$_printf_percent$$00000005  c_w.l(_printf_g.o)
    0x000001b6   0x00000006   Code   RO         4853    .ARM.Collect$$_printf_percent$$00000006  c_w.l(_printf_a.o)
    0x000001bc   0x0000000a   Code   RO         4858    .ARM.Collect$$_printf_percent$$00000007  c_w.l(_printf_ll.o)
    0x000001c6   0x00000006   Code   RO         4847    .ARM.Collect$$_printf_percent$$00000008  c_w.l(_printf_i.o)
    0x000001cc   0x00000006   Code   RO         4848    .ARM.Collect$$_printf_percent$$00000009  c_w.l(_printf_d.o)
    0x000001d2   0x00000006   Code   RO         4849    .ARM.Collect$$_printf_percent$$0000000A  c_w.l(_printf_u.o)
    0x000001d8   0x00000006   Code   RO         4846    .ARM.Collect$$_printf_percent$$0000000B  c_w.l(_printf_o.o)
    0x000001de   0x00000006   Code   RO         4845    .ARM.Collect$$_printf_percent$$0000000C  c_w.l(_printf_x.o)
    0x000001e4   0x00000006   Code   RO         4855    .ARM.Collect$$_printf_percent$$0000000D  c_w.l(_printf_lli.o)
    0x000001ea   0x00000006   Code   RO         4856    .ARM.Collect$$_printf_percent$$0000000E  c_w.l(_printf_lld.o)
    0x000001f0   0x00000006   Code   RO         4857    .ARM.Collect$$_printf_percent$$0000000F  c_w.l(_printf_llu.o)
    0x000001f6   0x00000006   Code   RO         4862    .ARM.Collect$$_printf_percent$$00000010  c_w.l(_printf_llo.o)
    0x000001fc   0x00000006   Code   RO         4863    .ARM.Collect$$_printf_percent$$00000011  c_w.l(_printf_llx.o)
    0x00000202   0x0000000a   Code   RO         4859    .ARM.Collect$$_printf_percent$$00000012  c_w.l(_printf_l.o)
    0x0000020c   0x00000006   Code   RO         4842    .ARM.Collect$$_printf_percent$$00000013  c_w.l(_printf_c.o)
    0x00000212   0x00000006   Code   RO         4843    .ARM.Collect$$_printf_percent$$00000014  c_w.l(_printf_s.o)
    0x00000218   0x00000006   Code   RO         4860    .ARM.Collect$$_printf_percent$$00000015  c_w.l(_printf_lc.o)
    0x0000021e   0x00000006   Code   RO         4861    .ARM.Collect$$_printf_percent$$00000016  c_w.l(_printf_ls.o)
    0x00000224   0x00000004   Code   RO         4854    .ARM.Collect$$_printf_percent$$00000017  c_w.l(_printf_percent_end.o)
    0x00000228   0x00000002   Code   RO         5304    .ARM.Collect$$libinit$$00000000  c_w.l(libinit.o)
    0x0000022a   0x00000004   Code   RO         4914    .ARM.Collect$$libinit$$00000001  c_w.l(libinit2.o)
    0x0000022e   0x00000000   Code   RO         4917    .ARM.Collect$$libinit$$00000004  c_w.l(libinit2.o)
    0x0000022e   0x00000008   Code   RO         4918    .ARM.Collect$$libinit$$00000005  c_w.l(libinit2.o)
    0x00000236   0x00000000   Code   RO         4920    .ARM.Collect$$libinit$$0000000A  c_w.l(libinit2.o)
    0x00000236   0x00000000   Code   RO         4922    .ARM.Collect$$libinit$$0000000C  c_w.l(libinit2.o)
    0x00000236   0x00000004   Code   RO         4923    .ARM.Collect$$libinit$$0000000D  c_w.l(libinit2.o)
    0x0000023a   0x00000000   Code   RO         4924    .ARM.Collect$$libinit$$0000000E  c_w.l(libinit2.o)
    0x0000023a   0x00000006   Code   RO         4925    .ARM.Collect$$libinit$$0000000F  c_w.l(libinit2.o)
    0x00000240   0x00000000   Code   RO         4927    .ARM.Collect$$libinit$$00000011  c_w.l(libinit2.o)
    0x00000240   0x0000000c   Code   RO         4928    .ARM.Collect$$libinit$$00000012  c_w.l(libinit2.o)
    0x0000024c   0x00000000   Code   RO         4929    .ARM.Collect$$libinit$$00000013  c_w.l(libinit2.o)
    0x0000024c   0x00000000   Code   RO         4931    .ARM.Collect$$libinit$$00000015  c_w.l(libinit2.o)
    0x0000024c   0x0000000a   Code   RO         4932    .ARM.Collect$$libinit$$00000016  c_w.l(libinit2.o)
    0x00000256   0x00000000   Code   RO         4933    .ARM.Collect$$libinit$$00000017  c_w.l(libinit2.o)
    0x00000256   0x00000000   Code   RO         4935    .ARM.Collect$$libinit$$00000019  c_w.l(libinit2.o)
    0x00000256   0x00000000   Code   RO         4937    .ARM.Collect$$libinit$$0000001B  c_w.l(libinit2.o)
    0x00000256   0x00000000   Code   RO         4939    .ARM.Collect$$libinit$$0000001D  c_w.l(libinit2.o)
    0x00000256   0x00000000   Code   RO         4941    .ARM.Collect$$libinit$$0000001F  c_w.l(libinit2.o)
    0x00000256   0x00000000   Code   RO         4943    .ARM.Collect$$libinit$$00000021  c_w.l(libinit2.o)
    0x00000256   0x00000000   Code   RO         4945    .ARM.Collect$$libinit$$00000023  c_w.l(libinit2.o)
    0x00000256   0x00000004   Code   RO         4946    .ARM.Collect$$libinit$$00000024  c_w.l(libinit2.o)
    0x0000025a   0x00000000   Code   RO         4947    .ARM.Collect$$libinit$$00000025  c_w.l(libinit2.o)
    0x0000025a   0x00000000   Code   RO         4951    .ARM.Collect$$libinit$$0000002C  c_w.l(libinit2.o)
    0x0000025a   0x00000000   Code   RO         4953    .ARM.Collect$$libinit$$0000002E  c_w.l(libinit2.o)
    0x0000025a   0x00000000   Code   RO         4955    .ARM.Collect$$libinit$$00000030  c_w.l(libinit2.o)
    0x0000025a   0x00000004   Code   RO         4956    .ARM.Collect$$libinit$$00000031  c_w.l(libinit2.o)
    0x0000025e   0x00000000   Code   RO         4957    .ARM.Collect$$libinit$$00000032  c_w.l(libinit2.o)
    0x0000025e   0x00000002   Code   RO         4958    .ARM.Collect$$libinit$$00000033  c_w.l(libinit2.o)
    0x00000260   0x00000000   Code   RO         5177    .ARM.Collect$$libshutdown$$00000002  c_w.l(libshutdown2.o)
    0x00000260   0x00000000   Code   RO         5179    .ARM.Collect$$libshutdown$$00000004  c_w.l(libshutdown2.o)
    0x00000260   0x00000000   Code   RO         4775    .ARM.Collect$$rtentry$$00000000  c_w.l(__rtentry.o)
    0x00000260   0x00000000   Code   RO         5069    .ARM.Collect$$rtentry$$00000002  c_w.l(__rtentry2.o)
    0x00000260   0x00000006   Code   RO         5081    .ARM.Collect$$rtentry$$00000004  c_w.l(__rtentry4.o)
    0x00000266   0x00000000   Code   RO         5071    .ARM.Collect$$rtentry$$00000009  c_w.l(__rtentry2.o)
    0x00000266   0x00000004   Code   RO         5072    .ARM.Collect$$rtentry$$0000000A  c_w.l(__rtentry2.o)
    0x0000026a   0x00000000   Code   RO         5074    .ARM.Collect$$rtentry$$0000000C  c_w.l(__rtentry2.o)
    0x0000026a   0x00000008   Code   RO         5075    .ARM.Collect$$rtentry$$0000000D  c_w.l(__rtentry2.o)
    0x00000272   0x00000002   PAD
    0x00000274   0x00000034   Code   RO         4544    .emb_text           c_w.l(rand.o)
    0x000002a8   0x00000000   Code   RO         5092    .emb_text           c_w.l(maybetermalloc1.o)
    0x000002a8   0x00000024   Code   RO          965    .text               startup_lpc407x_8x_177x_8x.o
    0x000002cc   0x0000000a   Code   RO         4449    .text               c_w.l(vfprintf.o)
    0x000002d6   0x0000000a   Code   RO         4451    .text               c_w.l(c89vfprintf.o)
    0x000002e0   0x00000014   Code   RO         4524    .text               c_w.l(setbuf.o)
    0x000002f4   0x00000008   Code   RO         4776    .text               c_w.l(rt_heap_descriptor.o)
    0x000002fc   0x00000004   Code   RO          964    .ARM.__at_0x02FC    startup_lpc407x_8x_177x_8x.o
    0x00000300   0x0000005e   Code   RO         4391    .text               c_w.l(h1_alloc.o)
    0x0000035e   0x0000004e   Code   RO         4393    .text               c_w.l(h1_free.o)
    0x000003ac   0x0000002c   Code   RO         4453    .text               c_w.l(__2sprintf.o)
    0x000003d8   0x00000094   Code   RO         4477    .text               c_w.l(_printf_hex_int_ll_ptr.o)
    0x0000046c   0x00000188   Code   RO         4497    .text               c_w.l(__printf_flags_ss_wp.o)
    0x000005f4   0x0000003c   Code   RO         4504    .text               c_w.l(__0sscanf.o)
    0x00000630   0x0000014c   Code   RO         4506    .text               c_w.l(_scanf_int.o)
    0x0000077c   0x00000064   Code   RO         4508    .text               c_w.l(fflush.o)
    0x000007e0   0x000000ec   Code   RO         4522    .text               c_w.l(fopen.o)
    0x000008cc   0x0000004c   Code   RO         4532    .text               c_w.l(fclose.o)
    0x00000918   0x0000003c   Code   RO         4545    .text               c_w.l(rand.o)
    0x00000954   0x0000002e   Code   RO         4552    .text               c_w.l(aeabi_atexit.o)
    0x00000982   0x0000003e   Code   RO         4555    .text               c_w.l(strlen.o)
    0x000009c0   0x00000096   Code   RO         4557    .text               c_w.l(strncmp.o)
    0x00000a56   0x00000044   Code   RO         4561    .text               c_w.l(rt_memclr.o)
    0x00000a9a   0x0000004e   Code   RO         4563    .text               c_w.l(rt_memclr_w.o)
    0x00000ae8   0x00000080   Code   RO         4567    .text               c_w.l(strcmpv7m.o)
    0x00000b68   0x00000024   Code   RO         4574    .text               c_w.l(init_aeabi.o)
    0x00000b8c   0x00000008   Code   RO         4781    .text               c_w.l(rt_new_handler_addr.o)
    0x00000b94   0x00000008   Code   RO         4786    .text               c_w.l(rt_ddtor_pointer_addr.o)
    0x00000b9c   0x00000004   Code   RO         4791    .text               c_w.l(hguard.o)
    0x00000ba0   0x0000008a   Code   RO         4793    .text               c_w.l(init_alloc.o)
    0x00000c2a   0x0000000e   Code   RO         4797    .text               c_w.l(h1_init.o)
    0x00000c38   0x00000016   Code   RO         4811    .text               c_w.l(_rserrno.o)
    0x00000c4e   0x0000004e   Code   RO         4813    .text               c_w.l(_printf_pad.o)
    0x00000c9c   0x00000024   Code   RO         4815    .text               c_w.l(_printf_truncate.o)
    0x00000cc0   0x00000052   Code   RO         4817    .text               c_w.l(_printf_str.o)
    0x00000d12   0x000000b2   Code   RO         4819    .text               c_w.l(_printf_intcommon.o)
    0x00000dc4   0x00000078   Code   RO         4821    .text               c_w.l(_printf_dec.o)
    0x00000e3c   0x00000028   Code   RO         4823    .text               c_w.l(_printf_charcount.o)
    0x00000e64   0x00000030   Code   RO         4825    .text               c_w.l(_printf_char_common.o)
    0x00000e94   0x0000000a   Code   RO         4827    .text               c_w.l(_sputc.o)
    0x00000e9e   0x00000002   PAD
    0x00000ea0   0x00000024   Code   RO         4829    .text               c_w.l(_printf_char_file.o)
    0x00000ec4   0x000000bc   Code   RO         4831    .text               c_w.l(_printf_wctomb.o)
    0x00000f80   0x0000007c   Code   RO         4834    .text               c_w.l(_printf_longlong_dec.o)
    0x00000ffc   0x00000070   Code   RO         4840    .text               c_w.l(_printf_oct_int_ll.o)
    0x0000106c   0x0000001c   Code   RO         4864    .text               c_w.l(_chval.o)
    0x00001088   0x0000002c   Code   RO         4870    .text               c_w.l(scanf_char.o)
    0x000010b4   0x00000040   Code   RO         4872    .text               c_w.l(_sgetc.o)
    0x000010f4   0x00000008   Code   RO         4882    .text               c_w.l(ferror.o)
    0x000010fc   0x000001d6   Code   RO         4886    .text               c_w.l(flsbuf.o)
    0x000012d2   0x00000002   PAD
    0x000012d4   0x000000f8   Code   RO         4888    .text               c_w.l(fseek.o)
    0x000013cc   0x00000046   Code   RO         4890    .text               c_w.l(setvbuf.o)
    0x00001412   0x00000002   PAD
    0x00001414   0x000000f0   Code   RO         4892    .text               c_w.l(stdio.o)
    0x00001504   0x00000138   Code   RO         4895    .text               c_w.l(initio.o)
    0x0000163c   0x00000042   Code   RO         4903    .text               c_w.l(cxa_finalize.o)
    0x0000167e   0x0000000e   Code   RO         4906    .text               c_w.l(defsig_pvfn_outer.o)
    0x0000168c   0x00000004   Code   RO         4966    .text               cpprt_w.l(arm_newhandler_noexceptions.o)
    0x00001690   0x00000008   Code   RO         5085    .text               c_w.l(rt_errno_addr.o)
    0x00001698   0x00000034   Code   RO         5094    .text               c_w.l(h1_extend.o)
    0x000016cc   0x0000008a   Code   RO         5098    .text               c_w.l(lludiv10.o)
    0x00001756   0x00000012   Code   RO         5100    .text               c_w.l(isspace.o)
    0x00001768   0x0000041a   Code   RO         5102    .text               c_w.l(_printf_fp_dec.o)
    0x00001b82   0x00000002   PAD
    0x00001b84   0x000002fc   Code   RO         5104    .text               c_w.l(_printf_fp_hex.o)
    0x00001e80   0x0000002c   Code   RO         5109    .text               c_w.l(_printf_char.o)
    0x00001eac   0x0000002c   Code   RO         5113    .text               c_w.l(_printf_wchar.o)
    0x00001ed8   0x00000374   Code   RO         5115    .text               c_w.l(_scanf.o)
    0x0000224c   0x00000042   Code   RO         5125    .text               c_w.l(ftell.o)
    0x0000228e   0x00000040   Code   RO         5151    .text               c_w.l(_wcrtomb.o)
    0x000022ce   0x0000000a   Code   RO         5153    .text               c_w.l(defsig_exit.o)
    0x000022d8   0x0000000e   Code   RO         5155    .text               c_w.l(defsig_rtred_outer.o)
    0x000022e6   0x0000000e   Code   RO         5159    .text               c_w.l(defsig_rtmem_outer.o)
    0x000022f4   0x00000030   Code   RO         5163    .text               c_w.l(defsig_pvfn_inner.o)
    0x00002324   0x00000008   Code   RO         5172    .text               c_w.l(heapauxmm.o)
    0x0000232c   0x0000001a   Code   RO         5212    .text               cpprt_w.l(arm_exceptions_terminate.o)
    0x00002346   0x00000002   PAD
    0x00002348   0x00000050   Code   RO         5215    .text               cpprt_w.l(arm_exceptions_globs.o)
    0x00002398   0x0000000c   Code   RO         5237    .text               c_w.l(sys_exit.o)
    0x000023a4   0x00000010   Code   RO         5239    .text               c_w.l(rt_ctype_table.o)
    0x000023b4   0x00000008   Code   RO         5241    .text               c_w.l(rt_locale.o)
    0x000023bc   0x00000008   Code   RO         5246    .text               c_w.l(rt_eh_globals_addr.o)
    0x000023c4   0x00000080   Code   RO         5253    .text               c_w.l(_printf_fp_infnan.o)
    0x00002444   0x000000dc   Code   RO         5255    .text               c_w.l(bigflt0.o)
    0x00002520   0x00000016   Code   RO         5285    .text               c_w.l(abort.o)
    0x00002536   0x00000032   Code   RO         5289    .text               c_w.l(defsig_general.o)
    0x00002568   0x00000034   Code   RO         5291    .text               c_w.l(defsig_rtred_inner.o)
    0x0000259c   0x00000050   Code   RO         5293    .text               c_w.l(defsig_rtmem_inner.o)
    0x000025ec   0x0000003c   Code   RO         5308    .text               cpprt_w.l(arm_exceptions_mem.o)
    0x00002628   0x0000000e   Code   RO         5337    .text               c_w.l(sys_wrch.o)
    0x00002636   0x00000002   Code   RO         5339    .text               c_w.l(use_no_semi.o)
    0x00002638   0x00000000   Code   RO         5341    .text               c_w.l(indicate_semi.o)
    0x00002638   0x0000000e   Code   RO         5355    .text               c_w.l(defsig_abrt_outer.o)
    0x00002646   0x00000002   PAD
    0x00002648   0x00000030   Code   RO         5371    .text               c_w.l(defsig_abrt_inner.o)
    0x00002678   0x0000003e   Code   RO         5258    CL$$btod_d2e        c_w.l(btod.o)
    0x000026b6   0x00000046   Code   RO         5260    CL$$btod_d2e_denorm_low  c_w.l(btod.o)
    0x000026fc   0x00000060   Code   RO         5259    CL$$btod_d2e_norm_op1  c_w.l(btod.o)
    0x0000275c   0x00000338   Code   RO         5268    CL$$btod_div_common  c_w.l(btod.o)
    0x00002a94   0x000000c6   Code   RO         5265    CL$$btod_e2e        c_w.l(btod.o)
    0x00002b5a   0x00000028   Code   RO         5262    CL$$btod_ediv       c_w.l(btod.o)
    0x00002b82   0x00000028   Code   RO         5261    CL$$btod_emul       c_w.l(btod.o)
    0x00002baa   0x00000244   Code   RO         5267    CL$$btod_mult_common  c_w.l(btod.o)
    0x00002dee   0x00000010   Code   RO         2484    i.$Sub$$main        mbed.lib(retarget.o)
    0x00002dfe   0x00000002   PAD
    0x00002e00   0x00000040   Code   RO          974    i.NVIC_SetVector    cmsis_nvic.o
    0x00002e40   0x000002d4   Code   RO         1029    i.SystemCoreClockUpdate  system_lpc407x_8x_177x_8x.o
    0x00003114   0x000000ec   Code   RO         1030    i.SystemInit        system_lpc407x_8x_177x_8x.o
    0x00003200   0x00000060   Code   RO          676    i._Z10backgroundv   view.o
    0x00003260   0x0000004c   Code   RO          677    i._Z10drawastersP7aster_t  view.o
    0x000032ac   0x00000060   Code   RO          847    i._Z10initialisev   asteroids.o
    0x0000330c   0x000000fc   Code   RO         3284    i._Z10sdram_initv   ebb.lib(sdram.o)
    0x00003408   0x0000005c   Code   RO         3285    i._Z10sdram_testv   ebb.lib(sdram.o)
    0x00003464   0x00000148   Code   RO          360    i._Z10shipThrustv   model.o
    0x000035ac   0x00000048   Code   RO         3286    i._Z11calibrationv  ebb.lib(sdram.o)
    0x000035f4   0x00000044   Code   RO          678    i._Z11drawMisslesP8Missle_t  view.o
    0x00003638   0x00000084   Code   RO         3287    i._Z11find_cmddlyv  ebb.lib(sdram.o)
    0x000036bc   0x00000020   Code   RO         2485    i._Z11init_serialv  mbed.lib(retarget.o)
    0x000036dc   0x00000028   Code   RO         2982    i._Z11str_to_uintPcj  ebb.lib(ealcdboard.o)
    0x00003704   0x00000020   Code   RO          679    i._Z12init_DBufferv  view.o
    0x00003724   0x0000002c   Code   RO          680    i._Z12swap_DBufferv  view.o
    0x00003750   0x000000a8   Code   RO          361    i._Z12updateastersP7aster_t  model.o
    0x000037f8   0x00000058   Code   RO         3288    i._Z13adjust_timingv  ebb.lib(sdram.o)
    0x00003850   0x00000084   Code   RO         3289    i._Z13find_fbclkdlyv  ebb.lib(sdram.o)
    0x000038d4   0x00000080   Code   RO           60    i._Z13jsPrsdAndRlsd7btnId_t  controller.o
    0x00003954   0x0000004c   Code   RO          362    i._Z13updateMisslesP8Missle_t  model.o
    0x000039a0   0x00000114   Code   RO          681    i._Z14gameOverScreenv  view.o
    0x00003ab4   0x00000134   Code   RO          363    i._Z14shipRepositionv  model.o
    0x00003be8   0x00000474   Code   RO          682    i._Z15collisionastersP7aster_t  view.o
    0x0000405c   0x00000120   Code   RO          683    i._Z15gameStartScreenv  view.o
    0x0000417c   0x0000007c   Code   RO          684    i._Z4drawv          view.o
    0x000041f8   0x000001ac   Code   RO          685    i._Z4shipv          view.o
    0x000043a4   0x00000024   Code   RO          364    i._Z5shootv         model.o
    0x000043c8   0x00000034   Code   RO          365    i._Z7physicsv       model.o
    0x000043fc   0x00000080   Code   RO           61    i._Z8controlsv      controller.o
    0x0000447c   0x00000138   Code   RO          686    i._Z8gameDatav      view.o
    0x000045b4   0x000000b4   Code   RO          366    i._Z8gameInfov      model.o
    0x00004668   0x000000d4   Code   RO          367    i._Z8newAsterP7aster_t  model.o
    0x0000473c   0x00000314   Code   RO          368    i._Z8shipTurnv      model.o
    0x00004a50   0x00000078   Code   RO          369    i._Z9newMissleP8Missle_t  model.o
    0x00004ac8   0x00000354   Code   RO         3291    i._Z9pinConfigv     ebb.lib(sdram.o)
    0x00004e1c   0x0000000a   Code   RO         2983    i._Z9port_pin28PortNamei  ebb.lib(ealcdboard.o)
    0x00004e26   0x00000018   Code   RO            5    i._Z9randrangeii    utils.o
    0x00004e3e   0x0000007e   Code   RO         2984    i._ZN10EaLcdBoard10eepromReadEPhtt  ebb.lib(ealcdboard.o)
    0x00004ebc   0x000000dc   Code   RO         2985    i._ZN10EaLcdBoard10execPinSetEPcj  ebb.lib(ealcdboard.o)
    0x00004f98   0x00000058   Code   RO         2986    i._ZN10EaLcdBoard10getInitSeqEPci  ebb.lib(ealcdboard.o)
    0x00004ff0   0x00000084   Code   RO         2988    i._ZN10EaLcdBoard11execSeqCtrlEPcj  ebb.lib(ealcdboard.o)
    0x00005074   0x00000020   Code   RO         2989    i._ZN10EaLcdBoard11set5VSignalEb  ebb.lib(ealcdboard.o)
    0x00005094   0x0000003e   Code   RO         2990    i._ZN10EaLcdBoard11setLsStatesEtPhh  ebb.lib(ealcdboard.o)
    0x000050d2   0x00000022   Code   RO         2991    i._ZN10EaLcdBoard12checkVersionEPcj  ebb.lib(ealcdboard.o)
    0x000050f4   0x000000dc   Code   RO         2992    i._ZN10EaLcdBoard12getLcdConfigEPN13LcdController6ConfigE  ebb.lib(ealcdboard.o)
    0x000051d0   0x00000020   Code   RO         2993    i._ZN10EaLcdBoard12set3V3SignalEb  ebb.lib(ealcdboard.o)
    0x000051f0   0x00000044   Code   RO         2996    i._ZN10EaLcdBoard14setFrameBufferEj  ebb.lib(ealcdboard.o)
    0x00005234   0x000000be   Code   RO         2998    i._ZN10EaLcdBoard15parseInitStringEPcPN13LcdController6ConfigE  ebb.lib(ealcdboard.o)
    0x000052f2   0x0000002c   Code   RO         2999    i._ZN10EaLcdBoard15pca9532_setLedsEtt  ebb.lib(ealcdboard.o)
    0x0000531e   0x0000002e   Code   RO         3003    i._ZN10EaLcdBoard20setBacklightContrastEj  ebb.lib(ealcdboard.o)
    0x0000534c   0x00000036   Code   RO         3004    i._ZN10EaLcdBoard21pca9532_setBlink0DutyEh  ebb.lib(ealcdboard.o)
    0x00005382   0x00000018   Code   RO         3005    i._ZN10EaLcdBoard21pca9532_setBlink0LedsEt  ebb.lib(ealcdboard.o)
    0x0000539a   0x00000020   Code   RO         3006    i._ZN10EaLcdBoard22setDisplayEnableSignalEb  ebb.lib(ealcdboard.o)
    0x000053ba   0x00000022   Code   RO         3007    i._ZN10EaLcdBoard23pca9532_setBlink0PeriodEh  ebb.lib(ealcdboard.o)
    0x000053dc   0x0000004c   Code   RO         3008    i._ZN10EaLcdBoard4openEPN13LcdController6ConfigEPc  ebb.lib(ealcdboard.o)
    0x00005428   0x0000006c   Code   RO         3010    i._ZN10EaLcdBoard7setLedsEv  ebb.lib(ealcdboard.o)
    0x00005494   0x00000028   Code   RO         3011    i._ZN10EaLcdBoard8getStoreEPNS_7store_tE  ebb.lib(ealcdboard.o)
    0x000054bc   0x0000001e   Code   RO         3012    i._ZN10EaLcdBoard9execDelayEPcj  ebb.lib(ealcdboard.o)
    0x000054da   0x00000002   PAD
    0x000054dc   0x00000044   Code   RO         3013    i._ZN10EaLcdBoardC1E7PinNameS0_  ebb.lib(ealcdboard.o)
    0x00005520   0x0000006e   Code   RO         1553    i._ZN12Adafruit_GFX10drawBitmapEssPKhsst  ebb.lib(adafruit_gfx.o)
    0x0000558e   0x00000164   Code   RO         1554    i._ZN12Adafruit_GFX10drawCircleEssst  ebb.lib(adafruit_gfx.o)
    0x000056f2   0x0000000e   Code   RO         1559    i._ZN12Adafruit_GFX11setTextSizeEh  ebb.lib(adafruit_gfx.o)
    0x00005700   0x00000006   Code   RO         1564    i._ZN12Adafruit_GFX12setTextColorEtt  ebb.lib(adafruit_gfx.o)
    0x00005706   0x0000002c   Code   RO         1565    i._ZN12Adafruit_GFX13drawFastHLineEssst  ebb.lib(adafruit_gfx.o)
    0x00005732   0x0000002e   Code   RO         1566    i._ZN12Adafruit_GFX13drawFastVLineEssst  ebb.lib(adafruit_gfx.o)
    0x00005760   0x00000008   Code   RO         1572    i._ZN12Adafruit_GFX5widthEv  ebb.lib(adafruit_gfx.o)
    0x00005768   0x0000007a   Code   RO         1573    i._ZN12Adafruit_GFX5writeEh  ebb.lib(adafruit_gfx.o)
    0x000057e2   0x00000008   Code   RO         1574    i._ZN12Adafruit_GFX6heightEv  ebb.lib(adafruit_gfx.o)
    0x000057ea   0x00000002   PAD
    0x000057ec   0x00000104   Code   RO         1575    i._ZN12Adafruit_GFX8drawCharEsshtth  ebb.lib(adafruit_gfx.o)
    0x000058f0   0x000000dc   Code   RO         1576    i._ZN12Adafruit_GFX8drawLineEsssst  ebb.lib(adafruit_gfx.o)
    0x000059cc   0x00000068   Code   RO         1577    i._ZN12Adafruit_GFX8drawRectEsssst  ebb.lib(adafruit_gfx.o)
    0x00005a34   0x00000036   Code   RO         1578    i._ZN12Adafruit_GFX8fillRectEsssst  ebb.lib(adafruit_gfx.o)
    0x00005a6a   0x00000006   Code   RO         1579    i._ZN12Adafruit_GFX9setCursorEss  ebb.lib(adafruit_gfx.o)
    0x00005a70   0x00000030   Code   RO         1580    i._ZN12Adafruit_GFXC2Ess  ebb.lib(adafruit_gfx.o)
    0x00005aa0   0x00000018   Code   RO         4129    i._ZN13LcdController14setFrameBufferEj  ebb.lib(lcdcontroller.o)
    0x00005ab8   0x0000003c   Code   RO         4130    i._ZN13LcdController15getClockDivisorEi  ebb.lib(lcdcontroller.o)
    0x00005af4   0x000001c0   Code   RO         4131    i._ZN13LcdController4initEPNS_6ConfigE  ebb.lib(lcdcontroller.o)
    0x00005cb4   0x00000048   Code   RO         4132    i._ZN13LcdController4openEPNS_6ConfigE  ebb.lib(lcdcontroller.o)
    0x00005cfc   0x00000060   Code   RO         2056    i._ZN13LcdController6ConfigC1EiiiiiiiibbbbiNS_12BitsPerPixelEiNS_8LcdPanelEb  ebb.lib(display.o)
    0x00005d5c   0x00000044   Code   RO         4134    i._ZN13LcdController8setPowerEb  ebb.lib(lcdcontroller.o)
    0x00005da0   0x0000015c   Code   RO         4135    i._ZN13LcdController9pinConfigEv  ebb.lib(lcdcontroller.o)
    0x00005efc   0x00000006   Code   RO         4136    i._ZN13LcdControllerC1Ev  ebb.lib(lcdcontroller.o)
    0x00005f02   0x00000020   Code   RO         2762    i._ZN14EaLcdBoardGPIO11set5VSignalEb  ebb.lib(ealcdboardgpio.o)
    0x00005f22   0x00000020   Code   RO         2763    i._ZN14EaLcdBoardGPIO12set3V3SignalEb  ebb.lib(ealcdboardgpio.o)
    0x00005f42   0x00000002   Code   RO         2764    i._ZN14EaLcdBoardGPIO15setWriteProtectEb  ebb.lib(ealcdboardgpio.o)
    0x00005f44   0x0000005c   Code   RO         2765    i._ZN14EaLcdBoardGPIO20setBacklightContrastEj  ebb.lib(ealcdboardgpio.o)
    0x00005fa0   0x00000038   Code   RO         2766    i._ZN14EaLcdBoardGPIO22setDisplayEnableSignalEb  ebb.lib(ealcdboardgpio.o)
    0x00005fd8   0x0000009c   Code   RO         2767    i._ZN14EaLcdBoardGPIOC1E7PinNameS0_  ebb.lib(ealcdboardgpio.o)
    0x00006074   0x0000001a   Code   RO         2816    i._ZN4mbed10DigitalOutC1E7PinName  ebb.lib(ealcdboardgpio.o)
    0x0000608e   0x00000002   PAD
    0x00006090   0x0000005c   Code   RO         2810    i._ZN4mbed10DigitalOutaSEi  ebb.lib(ealcdboardgpio.o)
    0x000060ec   0x0000003a   Code   RO         2410    i._ZN4mbed10FileHandle4flenEv  mbed.lib(filelike.o)
    0x00006126   0x00000010   Code   RO         1495    i._ZN4mbed10TimerEvent3irqEj  mbed.lib(timerevent.o)
    0x00006136   0x00000014   Code   RO         1496    i._ZN4mbed10TimerEvent6insertEj  mbed.lib(timerevent.o)
    0x0000614a   0x0000000e   Code   RO         1497    i._ZN4mbed10TimerEvent6removeEv  mbed.lib(timerevent.o)
    0x00006158   0x0000002c   Code   RO         1499    i._ZN4mbed10TimerEventC2Ev  mbed.lib(timerevent.o)
    0x00006184   0x00000018   Code   RO         1501    i._ZN4mbed10TimerEventD2Ev  mbed.lib(timerevent.o)
    0x0000619c   0x0000000e   Code   RO         2488    i._ZN4mbed26mbed_set_unbuffered_streamEPSt6__FILE  mbed.lib(retarget.o)
    0x000061aa   0x0000003a   Code   RO         3700    i._ZN4mbed3I2C4readEiPcib  mbed.lib(i2c.o)
    0x000061e4   0x0000003a   Code   RO         3704    i._ZN4mbed3I2C5writeEiPKcib  mbed.lib(i2c.o)
    0x0000621e   0x00000002   PAD
    0x00006220   0x00000020   Code   RO         3705    i._ZN4mbed3I2C6aquireEv  mbed.lib(i2c.o)
    0x00006240   0x0000002c   Code   RO         3707    i._ZN4mbed3I2CC1E7PinNameS1_  mbed.lib(i2c.o)
    0x0000626c   0x00000006   Code   RO         1230    i._ZN4mbed6Stream4flenEv  mbed.lib(stream.o)
    0x00006272   0x00000006   Code   RO         1236    i._ZN4mbed6Stream5closeEv  mbed.lib(stream.o)
    0x00006278   0x00000006   Code   RO         1238    i._ZN4mbed6Stream5lseekEli  mbed.lib(stream.o)
    0x0000627e   0x00000030   Code   RO         1240    i._ZN4mbed6Stream5writeEPKvj  mbed.lib(stream.o)
    0x000062ae   0x00000006   Code   RO         1241    i._ZN4mbed6Stream6isattyEv  mbed.lib(stream.o)
    0x000062b4   0x00000028   Code   RO         1242    i._ZN4mbed6Stream6printfEPKcz  mbed.lib(stream.o)
    0x000062dc   0x00000048   Code   RO         1243    i._ZN4mbed6StreamC2EPKc  mbed.lib(stream.o)
    0x00006324   0x00000022   Code   RO         1429    i._ZN4mbed6Ticker5setupEj  mbed.lib(ticker.o)
    0x00006346   0x00000002   PAD
    0x00006348   0x0000003c   Code   RO          878    i._ZN4mbed6Ticker6attachEPFvvEf  asteroids.o
    0x00006384   0x00000016   Code   RO         1430    i._ZN4mbed6Ticker6detachEv  mbed.lib(ticker.o)
    0x0000639a   0x00000038   Code   RO         1431    i._ZN4mbed6Ticker7handlerEv  mbed.lib(ticker.o)
    0x000063d2   0x00000002   PAD
    0x000063d4   0x0000002c   Code   RO          884    i._ZN4mbed6TickerC1Ev  asteroids.o
    0x00006400   0x00000020   Code   RO          896    i._ZN4mbed6TickerD1Ev  asteroids.o
    0x00006420   0x00000006   Code   RO         3430    i._ZN4mbed8FileBase11getPathTypeEv  mbed.lib(filebase.o)
    0x00006426   0x00000002   PAD
    0x00006428   0x00000038   Code   RO         3432    i._ZN4mbed8FileBase6lookupEPKcj  mbed.lib(filebase.o)
    0x00006460   0x00000028   Code   RO         3434    i._ZN4mbed8FileBaseC1EPKcNS_8PathTypeE  mbed.lib(filebase.o)
    0x00006488   0x0000002c   Code   RO         2378    i._ZN4mbed8FileLikeC2EPKc  mbed.lib(filelike.o)
    0x000064b4   0x00000014   Code   RO         3495    i._ZN4mbed8FilePath10fileSystemEv  mbed.lib(filepath.o)
    0x000064c8   0x0000001c   Code   RO         3496    i._ZN4mbed8FilePath12isFileSystemEv  mbed.lib(filepath.o)
    0x000064e4   0x0000001e   Code   RO         3497    i._ZN4mbed8FilePath4fileEv  mbed.lib(filepath.o)
    0x00006502   0x0000000e   Code   RO         3498    i._ZN4mbed8FilePath6existsEv  mbed.lib(filepath.o)
    0x00006510   0x0000001c   Code   RO         3499    i._ZN4mbed8FilePath6isFileEv  mbed.lib(filepath.o)
    0x0000652c   0x00000006   Code   RO         3500    i._ZN4mbed8FilePath8fileNameEv  mbed.lib(filepath.o)
    0x00006532   0x00000056   Code   RO         3501    i._ZN4mbed8FilePathC1EPKc  mbed.lib(filepath.o)
    0x00006588   0x0000001a   Code   RO           92    i._ZN4mbed9DigitalInC1E7PinName  controller.o
    0x000065a2   0x00000026   Code   RO         3214    i._ZN5GFXFb10fillScreenEt  ebb.lib(gfxfb.o)
    0x000065c8   0x00000062   Code   RO         3216    i._ZN5GFXFb13drawFastHLineEssst  ebb.lib(gfxfb.o)
    0x0000662a   0x00000068   Code   RO         3217    i._ZN5GFXFb13drawFastVLineEssst  ebb.lib(gfxfb.o)
    0x00006692   0x00000046   Code   RO         3220    i._ZN5GFXFb9drawPixelEsst  ebb.lib(gfxfb.o)
    0x000066d8   0x00000028   Code   RO         3221    i._ZN5GFXFbC1EttPt  ebb.lib(gfxfb.o)
    0x00006700   0x0000003c   Code   RO         1999    i._ZN7Display10theDisplayEv  ebb.lib(display.o)
    0x0000673c   0x00000014   Code   RO         2001    i._ZN7Display5_putcEi  ebb.lib(display.o)
    0x00006750   0x00000150   Code   RO         2003    i._ZN7DisplayC1Ev   ebb.lib(display.o)
    0x000068a0   0x00000018   Code   RO          448    i._ZSt3cosf         model.o
    0x000068b8   0x00000018   Code   RO          442    i._ZSt3sinf         model.o
    0x000068d0   0x00000028   Code   RO         4580    i._Znwj             cpprt_w.l(new.o)
    0x000068f8   0x00000030   Code   RO         5233    i.__ARM_fpclassify  m_wm.l(fpclassify.o)
    0x00006928   0x00000026   Code   RO         5035    i.__ARM_fpclassifyf  m_wm.l(fpclassifyf.o)
    0x0000694e   0x00000010   Code   RO         4587    i.__cxa_guard_acquire  cpprt_w.l(cxa_guard_acquire.o)
    0x0000695e   0x00000006   Code   RO         4584    i.__cxa_pure_virtual  cpprt_w.l(pure_virt.o)
    0x00006964   0x00000004   PAD
    0x00006968   0x000000c8   Code   RO         4725    i.__hardfp_cos      m_wm.l(cos.o)
    0x00006a30   0x00000150   Code   RO         4737    i.__hardfp_cosf     m_wm.l(cosf.o)
    0x00006b80   0x000000c8   Code   RO         4749    i.__hardfp_sin      m_wm.l(sin.o)
    0x00006c48   0x00000190   Code   RO         4761    i.__hardfp_sinf     m_wm.l(sinf.o)
    0x00006dd8   0x00000438   Code   RO         5051    i.__ieee754_rem_pio2  m_wm.l(rred.o)
    0x00007210   0x00000170   Code   RO         5018    i.__kernel_cos      m_wm.l(cos_i.o)
    0x00007380   0x000000f8   Code   RO         5235    i.__kernel_poly     m_wm.l(poly.o)
    0x00007478   0x00000130   Code   RO         5059    i.__kernel_sin      m_wm.l(sin_i.o)
    0x000075a8   0x00000014   Code   RO         5022    i.__mathlib_dbl_infnan  m_wm.l(dunder.o)
    0x000075bc   0x00000004   PAD
    0x000075c0   0x00000020   Code   RO         5024    i.__mathlib_dbl_invalid  m_wm.l(dunder.o)
    0x000075e0   0x00000020   Code   RO         5027    i.__mathlib_dbl_underflow  m_wm.l(dunder.o)
    0x00007600   0x00000006   Code   RO         5038    i.__mathlib_flt_infnan  m_wm.l(funder.o)
    0x00007606   0x00000002   PAD
    0x00007608   0x00000010   Code   RO         5040    i.__mathlib_flt_invalid  m_wm.l(funder.o)
    0x00007618   0x00000010   Code   RO         5043    i.__mathlib_flt_underflow  m_wm.l(funder.o)
    0x00007628   0x00000154   Code   RO         5056    i.__mathlib_rredf2  m_wm.l(rredf.o)
    0x0000777c   0x00000006   Code   RO         3292    i.__reserved_stack_size  ebb.lib(sdram.o)
    0x00007782   0x00000002   PAD
    0x00007784   0x00000044   Code   RO         3293    i.__rt_heap_extend  ebb.lib(sdram.o)
    0x000077c8   0x000000d8   Code   RO          848    i.__sti___13_asteroids_cpp_lives  asteroids.o
    0x000078a0   0x00000038   Code   RO           62    i.__sti___14_controller_cpp_effeabe5  controller.o
    0x000078d8   0x00000010   Code   RO          687    i.__sti___8_view_cpp_graphics  view.o
    0x000078e8   0x00000030   Code   RO         1065    i.__user_setup_stackheap  sys.o
    0x00007918   0x00000026   Code   RO         1124    i._gpio_init_in     mbed.lib(gpio.o)
    0x0000793e   0x00000034   Code   RO         1125    i._gpio_init_out    mbed.lib(gpio.o)
    0x00007972   0x0000000e   Code   RO         4490    i._is_digit         c_w.l(__printf_wp.o)
    0x00007980   0x00000030   Code   RO         2491    i._sys_close        mbed.lib(retarget.o)
    0x000079b0   0x0000002c   Code   RO         2494    i._sys_flen         mbed.lib(retarget.o)
    0x000079dc   0x0000002c   Code   RO         2495    i._sys_istty        mbed.lib(retarget.o)
    0x00007a08   0x00000130   Code   RO         2496    i._sys_open         mbed.lib(retarget.o)
    0x00007b38   0x00000030   Code   RO         2498    i._sys_seek         mbed.lib(retarget.o)
    0x00007b68   0x00000064   Code   RO         2499    i._sys_write        mbed.lib(retarget.o)
    0x00007bcc   0x00000020   Code   RO         2250    i.error             mbed.lib(error.o)
    0x00007bec   0x00000020   Code   RO         2501    i.exit              mbed.lib(retarget.o)
    0x00007c0c   0x00000018   Code   RO         5229    i.fabs              m_wm.l(fabs.o)
    0x00007c24   0x00000050   Code   RO         1031    i.fpu_init          system_lpc407x_8x_177x_8x.o
    0x00007c74   0x0000001a   Code   RO         4517    i.fputc             c_w.l(fputc.o)
    0x00007c8e   0x00000002   PAD
    0x00007c90   0x00000008   Code   RO         2346    i.get_us_ticker_data  mbed.lib(us_ticker_api.o)
    0x00007c98   0x00000090   Code   RO         2443    i.gpio_dir          mbed.lib(gpio_api.o)
    0x00007d28   0x00000038   Code   RO         2444    i.gpio_init         mbed.lib(gpio_api.o)
    0x00007d60   0x00000012   Code   RO         1126    i.gpio_init_in      mbed.lib(gpio.o)
    0x00007d72   0x00000014   Code   RO         1127    i.gpio_init_in_ex   mbed.lib(gpio.o)
    0x00007d86   0x00000012   Code   RO         1129    i.gpio_init_out     mbed.lib(gpio.o)
    0x00007d98   0x00000016   Code   RO         1130    i.gpio_init_out_ex  mbed.lib(gpio.o)
    0x00007dae   0x00000012   Code   RO         2445    i.gpio_mode         mbed.lib(gpio_api.o)
    0x00007dc0   0x00000070   Code   RO         2446    i.gpio_set          mbed.lib(gpio_api.o)
    0x00007e30   0x00000080   Code   RO         1131    i.gpio_write        mbed.lib(gpio.o)
    0x00007eb0   0x00000080   Code   RO         4101    i.gpio_write        mbed.lib(board.o)
    0x00007f30   0x00000016   Code   RO         4248    i.i2c_clear_SI      mbed.lib(i2c_api.o)
    0x00007f46   0x00000018   Code   RO         4249    i.i2c_conclr        mbed.lib(i2c_api.o)
    0x00007f5e   0x00000018   Code   RO         4250    i.i2c_conset        mbed.lib(i2c_api.o)
    0x00007f76   0x0000003e   Code   RO         4251    i.i2c_do_read       mbed.lib(i2c_api.o)
    0x00007fb4   0x00000020   Code   RO         4252    i.i2c_do_write      mbed.lib(i2c_api.o)
    0x00007fd4   0x0000001c   Code   RO         4253    i.i2c_frequency     mbed.lib(i2c_api.o)
    0x00007ff0   0x00000144   Code   RO         4254    i.i2c_init          mbed.lib(i2c_api.o)
    0x00008134   0x000000b0   Code   RO         4255    i.i2c_read          mbed.lib(i2c_api.o)
    0x000081e4   0x00000048   Code   RO         4364    i.i2c_start         mbed.lib(i2c_api.o)
    0x0000822c   0x00000008   Code   RO         4262    i.i2c_status        mbed.lib(i2c_api.o)
    0x00008234   0x00000040   Code   RO         4370    i.i2c_stop          mbed.lib(i2c_api.o)
    0x00008274   0x00000028   Code   RO         4263    i.i2c_wait_SI       mbed.lib(i2c_api.o)
    0x0000829c   0x00000082   Code   RO         4264    i.i2c_write         mbed.lib(i2c_api.o)
    0x0000831e   0x00000002   PAD
    0x00008320   0x00000060   Code   RO          849    i.main              asteroids.o
    0x00008380   0x0000004c   Code   RO         1104    i.mbed_assert_internal  mbed.lib(assert.o)
    0x000083cc   0x00000074   Code   RO         4102    i.mbed_die          mbed.lib(board.o)
    0x00008440   0x00000002   Code   RO         2502    i.mbed_main         mbed.lib(retarget.o)
    0x00008442   0x00000002   Code   RO         2503    i.mbed_sdk_init     mbed.lib(retarget.o)
    0x00008444   0x00000074   Code   RO         3778    i.pin_function      mbed.lib(pinmap.o)
    0x000084b8   0x0000008c   Code   RO         3779    i.pin_mode          mbed.lib(pinmap.o)
    0x00008544   0x00000020   Code   RO         4197    i.pinmap_find_peripheral  mbed.lib(pinmap_common.o)
    0x00008564   0x00000040   Code   RO         4199    i.pinmap_merge      mbed.lib(pinmap_common.o)
    0x000085a4   0x0000004c   Code   RO         4200    i.pinmap_peripheral  mbed.lib(pinmap_common.o)
    0x000085f0   0x00000054   Code   RO         4201    i.pinmap_pinout     mbed.lib(pinmap_common.o)
    0x00008644   0x000000f4   Code   RO         3856    i.pwmout_init       mbed.lib(pwmout_api.o)
    0x00008738   0x00000016   Code   RO         3858    i.pwmout_period_ms  mbed.lib(pwmout_api.o)
    0x0000874e   0x00000002   PAD
    0x00008750   0x00000044   Code   RO         3859    i.pwmout_period_us  mbed.lib(pwmout_api.o)
    0x00008794   0x00000068   Code   RO         3864    i.pwmout_write      mbed.lib(pwmout_api.o)
    0x000087fc   0x00000144   Code   RO         3936    i.serial_baud       mbed.lib(serial_api.o)
    0x00008940   0x000000fc   Code   RO         3940    i.serial_format     mbed.lib(serial_api.o)
    0x00008a3c   0x000001ac   Code   RO         3943    i.serial_init       mbed.lib(serial_api.o)
    0x00008be8   0x00000018   Code   RO         3947    i.serial_putc       mbed.lib(serial_api.o)
    0x00008c00   0x0000000c   Code   RO         3949    i.serial_writable   mbed.lib(serial_api.o)
    0x00008c0c   0x00000050   Code   RO         2291    i.ticker_insert_event  mbed.lib(ticker_api.o)
    0x00008c5c   0x0000005a   Code   RO         2292    i.ticker_irq_handler  mbed.lib(ticker_api.o)
    0x00008cb6   0x0000000c   Code   RO         2293    i.ticker_read       mbed.lib(ticker_api.o)
    0x00008cc2   0x00000052   Code   RO         2294    i.ticker_remove_event  mbed.lib(ticker_api.o)
    0x00008d14   0x00000012   Code   RO         2295    i.ticker_set_handler  mbed.lib(ticker_api.o)
    0x00008d26   0x00000002   PAD
    0x00008d28   0x0000000c   Code   RO         3804    i.us_ticker_clear_interrupt  mbed.lib(us_ticker.o)
    0x00008d34   0x00000014   Code   RO         3805    i.us_ticker_disable_interrupt  mbed.lib(us_ticker.o)
    0x00008d48   0x00000074   Code   RO         3806    i.us_ticker_init    mbed.lib(us_ticker.o)
    0x00008dbc   0x00000010   Code   RO         2347    i.us_ticker_irq_handler  mbed.lib(us_ticker_api.o)
    0x00008dcc   0x0000001c   Code   RO         3807    i.us_ticker_read    mbed.lib(us_ticker.o)
    0x00008de8   0x00000014   Code   RO         3808    i.us_ticker_set_interrupt  mbed.lib(us_ticker.o)
    0x00008dfc   0x00000028   Code   RO         3395    i.wait              mbed.lib(wait_api.o)
    0x00008e24   0x00000012   Code   RO         3396    i.wait_ms           mbed.lib(wait_api.o)
    0x00008e36   0x00000018   Code   RO         3397    i.wait_us           mbed.lib(wait_api.o)
    0x00008e4e   0x00000002   PAD
    0x00008e50   0x0000002c   Code   RO         5283    locale$$code        c_w.l(lc_numeric_c.o)
    0x00008e7c   0x0000002c   Code   RO         5351    locale$$code        c_w.l(lc_ctype_c.o)
    0x00008ea8   0x00000008   Code   RO          890    t._ZN4mbed19FunctionPointerArg1IvvE6attachEPFvvE  asteroids.o
    0x00008eb0   0x00000018   Code   RO         4995    x$fpl$basic         fz_wm.l(basic.o)
    0x00008ec8   0x00000062   Code   RO         4699    x$fpl$d2f           fz_wm.l(d2f.o)
    0x00008f2a   0x00000002   PAD
    0x00008f2c   0x00000150   Code   RO         4701    x$fpl$dadd          fz_wm.l(daddsub_clz.o)
    0x0000907c   0x00000018   Code   RO         4997    x$fpl$dcmpinf       fz_wm.l(dcmpi.o)
    0x00009094   0x000002b0   Code   RO         5222    x$fpl$ddiv          fz_wm.l(ddiv.o)
    0x00009344   0x0000005e   Code   RO         4707    x$fpl$dfix          fz_wm.l(dfix.o)
    0x000093a2   0x0000002e   Code   RO         4712    x$fpl$dflt          fz_wm.l(dflt_clz.o)
    0x000093d0   0x00000026   Code   RO         4711    x$fpl$dfltu         fz_wm.l(dflt_clz.o)
    0x000093f6   0x00000002   PAD
    0x000093f8   0x00000078   Code   RO         4717    x$fpl$dleqf         fz_wm.l(dleqf.o)
    0x00009470   0x00000154   Code   RO         4719    x$fpl$dmul          fz_wm.l(dmul.o)
    0x000095c4   0x0000009c   Code   RO         4999    x$fpl$dnaninf       fz_wm.l(dnaninf.o)
    0x00009660   0x0000000c   Code   RO         5001    x$fpl$dretinf       fz_wm.l(dretinf.o)
    0x0000966c   0x0000006c   Code   RO         4721    x$fpl$drleqf        fz_wm.l(drleqf.o)
    0x000096d8   0x00000016   Code   RO         4702    x$fpl$drsb          fz_wm.l(daddsub_clz.o)
    0x000096ee   0x00000002   PAD
    0x000096f0   0x000001d4   Code   RO         4703    x$fpl$dsub          fz_wm.l(daddsub_clz.o)
    0x000098c4   0x00000056   Code   RO         4723    x$fpl$f2d           fz_wm.l(f2d.o)
    0x0000991a   0x0000008c   Code   RO         5003    x$fpl$fnaninf       fz_wm.l(fnaninf.o)
    0x000099a6   0x0000000a   Code   RO         5225    x$fpl$fpinit        fz_wm.l(fpinit.o)
    0x000099b0   0x0000000a   Code   RO         5005    x$fpl$fretinf       fz_wm.l(fretinf.o)
    0x000099ba   0x00000004   Code   RO         5007    x$fpl$printf1       fz_wm.l(printf1.o)
    0x000099be   0x00000004   Code   RO         5009    x$fpl$printf2       fz_wm.l(printf2.o)
    0x000099c2   0x00000000   Code   RO         5017    x$fpl$usenofp       fz_wm.l(usenofp.o)
    0x000099c2   0x000004fb   Data   RO         1609    .constdata          ebb.lib(adafruit_gfx.o)
    0x00009ebd   0x00000003   PAD
    0x00009ec0   0x0000001c   Data   RO         2348    .constdata          mbed.lib(us_ticker_api.o)
    0x00009edc   0x00000017   Data   RO         2545    .constdata          mbed.lib(retarget.o)
    0x00009ef3   0x00000001   PAD
    0x00009ef4   0x00000190   Data   RO         3865    .constdata          mbed.lib(pwmout_api.o)
    0x0000a084   0x0000012c   Data   RO         3957    .constdata          mbed.lib(serial_api.o)
    0x0000a1b0   0x00000128   Data   RO         4265    .constdata          mbed.lib(i2c_api.o)
    0x0000a2d8   0x00000028   Data   RO         4478    .constdata          c_w.l(_printf_hex_int_ll_ptr.o)
    0x0000a300   0x00000011   Data   RO         4498    .constdata          c_w.l(__printf_flags_ss_wp.o)
    0x0000a311   0x00000003   PAD
    0x0000a314   0x00000008   Data   RO         4832    .constdata          c_w.l(_printf_wctomb.o)
    0x0000a31c   0x00000004   PAD
    0x0000a320   0x00000030   Data   RO         5019    .constdata          m_wm.l(cos_i.o)
    0x0000a350   0x000000c8   Data   RO         5053    .constdata          m_wm.l(rred.o)
    0x0000a418   0x00000020   Data   RO         5057    .constdata          m_wm.l(rredf.o)
    0x0000a438   0x00000028   Data   RO         5060    .constdata          m_wm.l(sin_i.o)
    0x0000a460   0x00000026   Data   RO         5105    .constdata          c_w.l(_printf_fp_hex.o)
    0x0000a486   0x00000002   PAD
    0x0000a488   0x00000094   Data   RO         5256    .constdata          c_w.l(bigflt0.o)
    0x0000a51c   0x0000001c   Data   RO         3189    .constdata__ZTV10EaLcdBoard  ebb.lib(ealcdboard.o)
    0x0000a538   0x0000002c   Data   RO         1749    .constdata__ZTV12Adafruit_GFX  ebb.lib(adafruit_gfx.o)
    0x0000a564   0x0000001c   Data   RO         2809    .constdata__ZTV14EaLcdBoardGPIO  ebb.lib(ealcdboardgpio.o)
    0x0000a580   0x0000002c   Data   RO         3273    .constdata__ZTV5GFXFb  ebb.lib(gfxfb.o)
    0x0000a5ac   0x00000070   Data   RO         2055    .constdata__ZTV7Display  ebb.lib(display.o)
    0x0000a61c   0x0000002c   Data   RO         2711    .constdata__ZTVN4mbed10FileHandleE  mbed.lib(retarget.o)
    0x0000a648   0x00000014   Data   RO         1545    .constdata__ZTVN4mbed10TimerEventE  mbed.lib(timerevent.o)
    0x0000a65c   0x00000044   Data   RO         1341    .constdata__ZTVN4mbed6StreamE  mbed.lib(stream.o)
    0x0000a6a0   0x00000014   Data   RO         1457    .constdata__ZTVN4mbed6TickerE  mbed.lib(ticker.o)
    0x0000a6b4   0x00000010   Data   RO         3481    .constdata__ZTVN4mbed8FileBaseE  mbed.lib(filebase.o)
    0x0000a6c4   0x0000003c   Data   RO         2409    .constdata__ZTVN4mbed8FileLikeE  mbed.lib(filelike.o)
    0x0000a700   0x00000048   Data   RO           67    .conststring        controller.o
    0x0000a748   0x00000042   Data   RO         3866    .conststring        mbed.lib(pwmout_api.o)
    0x0000a78a   0x00000002   PAD
    0x0000a78c   0x000000c6   Data   RO         3958    .conststring        mbed.lib(serial_api.o)
    0x0000a852   0x00000002   PAD
    0x0000a854   0x00000020   Data   RO         5408    Region$$Table       anon$$obj.o
    0x0000a874   0x0000001c   Data   RO         5282    locale$$data        c_w.l(lc_numeric_c.o)
    0x0000a890   0x00000110   Data   RO         5350    locale$$data        c_w.l(lc_ctype_c.o)
    0x0000a9a0   0x00000004   Data   RO           69    .init_array         controller.o
    0x0000a9a4   0x00000004   Data   RO          701    .init_array         view.o
    0x0000a9a8   0x00000004   Data   RO          855    .init_array         asteroids.o
    0x0000a9ac   0x00000000   Data   RO         4572    .init_array         c_w.l(init_aeabi.o)


    Execution Region RW_IRAM1 (Base: 0x100000e8, Size: 0x00000918, Max: 0x0000ff18, ABSOLUTE, COMPRESSED[0x00000064])

    Base Addr    Size         Type   Attr      Idx    E Section Name        Object

    0x100000e8   0x00000038   Data   RW           68    .data               controller.o
    0x10000120   0x00000078   Data   RW          380    .data               model.o
    0x10000198   0x00000024   Data   RW          700    .data               view.o
    0x100001bc   0x00000004   PAD
    0x100001c0   0x0000008d   Data   RW          854    .data               asteroids.o
    0x1000024d   0x00000003   PAD
    0x10000250   0x00000010   Data   RW         1032    .data               system_lpc407x_8x_177x_8x.o
    0x10000260   0x00000008   Data   RW         2017    .data               ebb.lib(display.o)
    0x10000268   0x00000008   Data   RW         2349    .data               mbed.lib(us_ticker_api.o)
    0x10000270   0x00000010   Data   RW         3304    .data               ebb.lib(sdram.o)
    0x10000280   0x00000004   Data   RW         3444    .data               mbed.lib(filebase.o)
    0x10000284   0x00000004   Data   RW         3717    .data               mbed.lib(i2c.o)
    0x10000288   0x00000004   Data   RW         3809    .data               mbed.lib(us_ticker.o)
    0x1000028c   0x00000004   Data   RW         3867    .data               mbed.lib(pwmout_api.o)
    0x10000290   0x00000010   Data   RW         3959    .data               mbed.lib(serial_api.o)
    0x100002a0   0x00000001   Data   RW         4145    .data               ebb.lib(lcdcontroller.o)
    0x100002a1   0x00000003   PAD
    0x100002a4   0x00000004   Data   RW         4529    .data               c_w.l(stdio_streams.o)
    0x100002a8   0x00000004   Data   RW         4530    .data               c_w.l(stdio_streams.o)
    0x100002ac   0x00000004   Data   RW         4531    .data               c_w.l(stdio_streams.o)
    0x100002b0   0x00000078   Zero   RW           66    .bss                controller.o
    0x10000328   0x00000090   Zero   RW          853    .bss                asteroids.o
    0x100003b8   0x00000040   Zero   RW         2544    .bss                mbed.lib(retarget.o)
    0x100003f8   0x00000400   Zero   RW         3046    .bss                ebb.lib(ealcdboard.o)
    0x100007f8   0x00000054   Zero   RW         4526    .bss                c_w.l(stdio_streams.o)
    0x1000084c   0x00000054   Zero   RW         4527    .bss                c_w.l(stdio_streams.o)
    0x100008a0   0x00000054   Zero   RW         4528    .bss                c_w.l(stdio_streams.o)
    0x100008f4   0x000000e4   Zero   RW         4546    .bss                c_w.l(rand.o)
    0x100009d8   0x00000004   Zero   RW         4777    .bss                c_w.l(rt_heap_descriptor.o)
    0x100009dc   0x00000004   Zero   RW         4782    .bss                c_w.l(rt_new_handler_addr.o)
    0x100009e0   0x00000004   Zero   RW         4787    .bss                c_w.l(rt_ddtor_pointer_addr.o)
    0x100009e4   0x00000004   Zero   RW         5086    .bss                c_w.l(rt_errno_addr.o)
    0x100009e8   0x00000014   Zero   RW         5242    .bss                c_w.l(rt_locale.o)
    0x100009fc   0x00000004   Zero   RW         5247    .bss                c_w.l(rt_eh_globals_addr.o)


    Execution Region RW_IRAM2 (Base: 0x20000000, Size: 0x00000000, Max: 0x00004000, ABSOLUTE)

    **** No section assigned to this execution region ****


    Execution Region RW_IRAM3 (Base: 0x20004000, Size: 0x00000000, Max: 0x00004000, ABSOLUTE)

    **** No section assigned to this execution region ****



  Load Region LR_IROM2 (Base: 0x28000000, Size: 0x00000000, Max: 0x01000000, ABSOLUTE)

    Execution Region ER_IROM2 (Base: 0x28000000, Size: 0x00000000, Max: 0x01000000, ABSOLUTE)

    **** No section assigned to this execution region ****


==============================================================================

Image component sizes


      Code (inc. data)   RO Data    RW Data    ZI Data      Debug   Object Name

       552        126          4        141        144       9481   asteroids.o
        64          6          0          0          0      28461   cmsis_nvic.o
       338         64         76         56        120      36650   controller.o
      2316        372          0        120          0      44917   model.o
        40         12        228          0          0       1468   startup_lpc407x_8x_177x_8x.o
        48          6          0          0          0       3401   sys.o
      1040         62          0         16          0       5412   system_lpc407x_8x_177x_8x.o
        24          0          0          0          0       4518   utils.o
      2900        326          4         36          0      24263   view.o

    ----------------------------------------------------------------------
      7322        974        344        376        264     158571   Object Totals
         0          0         32          0          0          0   (incl. Generated)
         0          0          0          7          0          0   (incl. Padding)

    ----------------------------------------------------------------------

      Code (inc. data)   RO Data    RW Data    ZI Data      Debug   Library Member Name

        60          8          0          0          0         84   __0sscanf.o
        44          6          0          0          0         84   __2sprintf.o
        90          0          0          0          0          0   __dczerorl2.o
         8          0          0          0          0         68   __main.o
       392          4         17          0          0         92   __printf_flags_ss_wp.o
        14          0          0          0          0         68   __printf_wp.o
         0          0          0          0          0          0   __rtentry.o
        12          0          0          0          0          0   __rtentry2.o
         6          0          0          0          0          0   __rtentry4.o
        52          8          0          0          0          0   __scatter.o
        28          0          0          0          0          0   __scatter_zi.o
        28          0          0          0          0         68   _chval.o
         6          0          0          0          0          0   _printf_a.o
         6          0          0          0          0          0   _printf_c.o
        44          0          0          0          0        108   _printf_char.o
        48          6          0          0          0         96   _printf_char_common.o
        36          4          0          0          0         80   _printf_char_file.o
        40          0          0          0          0         68   _printf_charcount.o
         6          0          0          0          0          0   _printf_d.o
       120         16          0          0          0         92   _printf_dec.o
         6          0          0          0          0          0   _printf_e.o
         6          0          0          0          0          0   _printf_f.o
      1050          0          0          0          0        216   _printf_fp_dec.o
       764          8         38          0          0        100   _printf_fp_hex.o
       128         16          0          0          0         84   _printf_fp_infnan.o
         6          0          0          0          0          0   _printf_g.o
       148          4         40          0          0        160   _printf_hex_int_ll_ptr.o
         6          0          0          0          0          0   _printf_i.o
       178          0          0          0          0         88   _printf_intcommon.o
        10          0          0          0          0          0   _printf_l.o
         6          0          0          0          0          0   _printf_lc.o
        10          0          0          0          0          0   _printf_ll.o
         6          0          0          0          0          0   _printf_lld.o
         6          0          0          0          0          0   _printf_lli.o
         6          0          0          0          0          0   _printf_llo.o
         6          0          0          0          0          0   _printf_llu.o
         6          0          0          0          0          0   _printf_llx.o
       124         16          0          0          0         92   _printf_longlong_dec.o
         6          0          0          0          0          0   _printf_ls.o
         6          0          0          0          0          0   _printf_n.o
         6          0          0          0          0          0   _printf_o.o
       112         10          0          0          0        124   _printf_oct_int_ll.o
         6          0          0          0          0          0   _printf_p.o
        78          0          0          0          0        108   _printf_pad.o
         0          0          0          0          0          0   _printf_percent.o
         4          0          0          0          0          0   _printf_percent_end.o
         6          0          0          0          0          0   _printf_s.o
        82          0          0          0          0         80   _printf_str.o
        36          0          0          0          0         84   _printf_truncate.o
         6          0          0          0          0          0   _printf_u.o
        44          0          0          0          0        108   _printf_wchar.o
       188          6          8          0          0         92   _printf_wctomb.o
         6          0          0          0          0          0   _printf_x.o
        22          0          0          0          0        100   _rserrno.o
       884          6          0          0          0        100   _scanf.o
       332          0          0          0          0         96   _scanf_int.o
        64          0          0          0          0         84   _sgetc.o
        10          0          0          0          0         68   _sputc.o
        64          0          0          0          0         92   _wcrtomb.o
        22          0          0          0          0         80   abort.o
        46          0          0          0          0         84   aeabi_atexit.o
       220          4        148          0          0         96   bigflt0.o
      1910        128          0          0          0        672   btod.o
        10          0          0          0          0         68   c89vfprintf.o
        66          0          0          0          0         84   cxa_finalize.o
        48         34          0          0          0         76   defsig_abrt_inner.o
        14          0          0          0          0         80   defsig_abrt_outer.o
        10          0          0          0          0         68   defsig_exit.o
        50          0          0          0          0         88   defsig_general.o
        48         34          0          0          0         76   defsig_pvfn_inner.o
        14          0          0          0          0         80   defsig_pvfn_outer.o
        80         58          0          0          0         76   defsig_rtmem_inner.o
        14          0          0          0          0         80   defsig_rtmem_outer.o
        52         38          0          0          0         76   defsig_rtred_inner.o
        14          0          0          0          0         80   defsig_rtred_outer.o
        76          0          0          0          0         88   fclose.o
         8          0          0          0          0         68   ferror.o
       100          4          0          0          0        120   fflush.o
       470          0          0          0          0         88   flsbuf.o
       236          4          0          0          0        128   fopen.o
        26          0          0          0          0         68   fputc.o
       248          6          0          0          0         84   fseek.o
        66          0          0          0          0         76   ftell.o
        94          0          0          0          0         80   h1_alloc.o
        52          0          0          0          0         68   h1_extend.o
        78          0          0          0          0         80   h1_free.o
        14          0          0          0          0         84   h1_init.o
         8          0          0          0          0         84   heapauxmm.o
         4          0          0          0          0        136   hguard.o
         0          0          0          0          0          0   indicate_semi.o
        36         10          0          0          0         80   init_aeabi.o
       138          0          0          0          0        168   init_alloc.o
       312         46          0          0          0        112   initio.o
        18          0          0          0          0         76   isspace.o
        44         10        272          0          0         76   lc_ctype_c.o
        44         10         28          0          0         76   lc_numeric_c.o
         2          0          0          0          0          0   libinit.o
        54          0          0          0          0          0   libinit2.o
         0          0          0          0          0          0   libshutdown2.o
       138          0          0          0          0         80   lludiv10.o
         0          0          0          0          0          0   maybetermalloc1.o
       112         18          0          0        228        160   rand.o
        16          4          0          0          0         76   rt_ctype_table.o
         8          4          0          0          4         68   rt_ddtor_pointer_addr.o
         8          4          0          0          4         68   rt_eh_globals_addr.o
         8          4          0          0          4         68   rt_errno_addr.o
         8          4          0          0          4         68   rt_heap_descriptor.o
         8          4          0          0         20         68   rt_locale.o
        68          0          0          0          0         68   rt_memclr.o
        78          0          0          0          0         80   rt_memclr_w.o
         8          4          0          0          4         68   rt_new_handler_addr.o
        44          8          0          0          0         84   scanf_char.o
        20          0          0          0          0         68   setbuf.o
        70          0          0          0          0         80   setvbuf.o
       240          6          0          0          0        156   stdio.o
         0          0          0         12        252          0   stdio_streams.o
       128          0          0          0          0         68   strcmpv7m.o
        62          0          0          0          0         76   strlen.o
       150          0          0          0          0         80   strncmp.o
        12          4          0          0          0         68   sys_exit.o
        14          0          0          0          0         76   sys_wrch.o
         2          0          0          0          0         68   use_no_semi.o
        10          0          0          0          0         68   vfprintf.o
        80         12          0          0          0        104   arm_exceptions_globs.o
        60          0          0          0          0        108   arm_exceptions_mem.o
        26          0          0          0          0         76   arm_exceptions_terminate.o
         4          0          0          0          0         68   arm_newhandler_noexceptions.o
        16          0          0          0          0         68   cxa_guard_acquire.o
        40          6          0          0          0         76   new.o
         6          0          0          0          0         68   pure_virt.o
      1406         10       1319          0          0      23052   adafruit_gfx.o
       512         74        112          8          0      45612   display.o
      1810         52         28          0       1024      24532   ealcdboard.o
       488         58         28          0          0      41304   ealcdboardgpio.o
       350          4         44          0          0       6032   gfxfb.o
      1026         62          0          1          0       6872   lcdcontroller.o
      1694         98          0         16          0       7912   sdram.o
        24          0          0          0          0        164   basic.o
        98          4          0          0          0        140   d2f.o
       826         16          0          0          0        492   daddsub_clz.o
        24          0          0          0          0        116   dcmpi.o
       688        140          0          0          0        256   ddiv.o
        94          4          0          0          0        140   dfix.o
        84          0          0          0          0        232   dflt_clz.o
       120          4          0          0          0        140   dleqf.o
       340         12          0          0          0        152   dmul.o
       156          4          0          0          0        140   dnaninf.o
        12          0          0          0          0        116   dretinf.o
       108          0          0          0          0        128   drleqf.o
        86          4          0          0          0        132   f2d.o
       140          4          0          0          0        132   fnaninf.o
        10          0          0          0          0        116   fpinit.o
        10          0          0          0          0        116   fretinf.o
         4          0          0          0          0        116   printf1.o
         4          0          0          0          0        116   printf2.o
         0          0          0          0          0          0   usenofp.o
       200         20          0          0          0        164   cos.o
       368         46         48          0          0        200   cos_i.o
       336         56          0          0          0        136   cosf.o
        84         16          0          0          0        372   dunder.o
        24          0          0          0          0        124   fabs.o
        48          0          0          0          0        124   fpclassify.o
        38          0          0          0          0        116   fpclassifyf.o
        38         12          0          0          0        348   funder.o
       248          0          0          0          0        152   poly.o
      1080        142        200          0          0        188   rred.o
       340         24         32          0          0        160   rredf.o
       200         20          0          0          0        164   sin.o
       304         24         40          0          0        208   sin_i.o
       400         56          0          0          0        212   sinf.o
        76         54          0          0          0        715   assert.o
       244         82          0          0          0       1315   board.o
        32          4          0          0          0       1920   error.o
       102         12         16          4          0       2184   filebase.o
       102         10         60          0          0       3836   filelike.o
       212          0          0          0          0       6912   filepath.o
       296         82          0          0          0      33120   gpio.o
       330        154          0          0          0       3750   gpio_api.o
       192         16          0          4          0       4764   i2c.o
      1006        122        296          0          0      12713   i2c_api.o
       256        148          0          0          0       1950   pinmap.o
       256         76          0          0          0       3256   pinmap_common.o
       438         68        466          4          0       4527   pwmout_api.o
       686         68         67          0         64      16906   retarget.o
      1040        144        498         16          0       7459   serial_api.o
       184         14         68          0          0      37916   stream.o
       112          0         20          0          0       6376   ticker.o
       282          0          0          0          0       4908   ticker_api.o
       118         16         20          0          0       2920   timerevent.o
       196         48          0          4          0      30156   us_ticker.o
        24         10         28          8          0       1769   us_ticker_api.o
        82          4          0          0          0       1819   wait_api.o

    ----------------------------------------------------------------------
     31812       2684       3958         80       1608     360939   Library Totals
        60          0         17          3          0          0   (incl. Padding)

    ----------------------------------------------------------------------

      Code (inc. data)   RO Data    RW Data    ZI Data      Debug   Library Name

     11432        568        551         12        520       8252   c_w.l
       232         18          0          0          0        568   cpprt_w.l
      7286        358       1531         25       1024     155316   ebb.lib
      2828        192          0          0          0       2944   fz_wm.l
      3708        416        320          0          0       2668   m_wm.l
      6266       1132       1539         40         64     191191   mbed.lib

    ----------------------------------------------------------------------
     31812       2684       3958         80       1608     360939   Library Totals

    ----------------------------------------------------------------------

==============================================================================


      Code (inc. data)   RO Data    RW Data    ZI Data      Debug   

     39134       3658       4302        456       1872     489962   Grand Totals
     39134       3658       4302        100       1872     489962   ELF Image Totals (compressed)
     39134       3658       4302        100          0          0   ROM Totals

==============================================================================

    Total RO  Size (Code + RO Data)                43436 (  42.42kB)
    Total RW  Size (RW Data + ZI Data)              2328 (   2.27kB)
    Total ROM Size (Code + RO Data + RW Data)      43536 (  42.52kB)

==============================================================================

